ARM Linker, 4.1 [Build 791] [Standard]

==============================================================================

Section Cross References

    board.o(.text) refers to hal_lld.o(.text) for stm32_clock_init
    mpu6050.o(.text) refers to i2cdev.o(.text) for I2Cdev::writeBit(unsigned char, unsigned char, unsigned char, unsigned char)
    mpu6050.o(.text) refers to i2cdev.o(.data) for I2Cdev::readTimeout
    mpu6050.o(.ARM.exidx) refers to mpu6050.o(.text) for .text
    i2cdev.o(.text) refers to i2c.o(.text) for i2cAcquireBus
    i2cdev.o(.text) refers to h1_alloc.o(.text) for malloc
    i2cdev.o(.text) refers to i2c_lld.o(.bss) for I2CD1
    i2cdev.o(.text) refers to i2cdev.o(.data) for txbuf_global
    i2cdev.o(.ARM.exidx) refers to i2cdev.o(.text) for .text
    cstartup.o(MSTACK) refers (Special) to heapauxi.o(.text) for __use_two_region_memory
    cstartup.o(CSTACK) refers (Special) to heapauxi.o(.text) for __use_two_region_memory
    cstartup.o(HEAP) refers (Special) to heapauxi.o(.text) for __use_two_region_memory
    cstartup.o(.text) refers (Special) to heapauxi.o(.text) for __use_two_region_memory
    cstartup.o(.text) refers to board.o(.text) for __early_init
    cstartup.o(.text) refers to cstartup.o(CSTACK) for __initial_sp
    cstartup.o(.text) refers to __main.o(!!!main) for __main
    cstartup.o(.text) refers to cstartup.o(HEAP) for Heap_Mem
    chcoreasm_v7m.o(.text) refers to chthreads.o(.text) for chThdExit
    chcoreasm_v7m.o(.text) refers to chschd.o(.text) for chSchDoReschedule
    chcore_v7m.o(.text) refers to chsys.o(.text) for chSysTimerHandlerI
    chcore_v7m.o(.text) refers to nvic.o(.text) for nvicSetSystemHandlerPriority
    chcore_v7m.o(.text) refers to chschd.o(.bss) for rlist
    chcore_v7m.o(.text) refers to chcoreasm_v7m.o(.text) for _port_switch_from_isr
    vectors.o(RESET) refers to cstartup.o(MSTACK) for __initial_msp
    vectors.o(RESET) refers to cstartup.o(.text) for Reset_Handler
    vectors.o(RESET) refers to vectors.o(.text) for NMIVector
    vectors.o(RESET) refers to chcore_v7m.o(.text) for SVCallVector
    vectors.o(RESET) refers to stm32_dma.o(.text) for Vector6C
    vectors.o(RESET) refers to adc_lld.o(.text) for Vector88
    vectors.o(RESET) refers to pwm_lld.o(.text) for VectorB8
    vectors.o(RESET) refers to i2c_lld.o(.text) for VectorBC
    vectors.o(RESET) refers to serial_lld.o(.text) for VectorD8
    chcond.o(.text) refers to chschd.o(.text) for chSchWakeupS
    chcond.o(.text) refers to chmtx.o(.text) for chMtxUnlockS
    chcond.o(.text) refers to chschd.o(.bss) for rlist
    chdynamic.o(.text) refers to chheap.o(.text) for chHeapFree
    chdynamic.o(.text) refers to chmempools.o(.text) for chPoolFree
    chdynamic.o(.text) refers to chthreads.o(.text) for chThdCreateI
    chdynamic.o(.text) refers to chschd.o(.text) for chSchWakeupS
    chevents.o(.text) refers to chschd.o(.text) for chSchReadyI
    chevents.o(.text) refers to chschd.o(.bss) for rlist
    chheap.o(.text) refers to chmtx.o(.text) for chMtxInit
    chheap.o(.text) refers to chmemcore.o(.text) for chCoreAlloc
    chheap.o(.text) refers to chheap.o(.bss) for default_heap
    chmboxes.o(.text) refers to chsem.o(.text) for chSemInit
    chmboxes.o(.text) refers to chschd.o(.text) for chSchRescheduleS
    chmemcore.o(.text) refers to chmemcore.o(.data) for nextmem
    chmsg.o(.text) refers to chschd.o(.text) for chSchReadyI
    chmsg.o(.text) refers to chschd.o(.bss) for rlist
    chmtx.o(.text) refers to chschd.o(.text) for chSchReadyI
    chmtx.o(.text) refers to chschd.o(.bss) for rlist
    chqueues.o(.text) refers to chschd.o(.text) for chSchGoSleepTimeoutS
    chqueues.o(.text) refers to chschd.o(.bss) for rlist
    chregistry.o(.text) refers to chdynamic.o(.text) for chThdRelease
    chregistry.o(.text) refers to chschd.o(.bss) for rlist
    chschd.o(.text) refers to chcoreasm_v7m.o(.text) for _port_switch
    chschd.o(.text) refers to chvt.o(.text) for chVTSetI
    chschd.o(.text) refers to chschd.o(.bss) for rlist
    chsem.o(.text) refers to chschd.o(.text) for chSchReadyI
    chsem.o(.text) refers to chschd.o(.bss) for rlist
    chsys.o(.text) refers to chcore_v7m.o(.text) for _port_init
    chsys.o(.text) refers to chschd.o(.text) for _scheduler_init
    chsys.o(.text) refers to chvt.o(.text) for _vt_init
    chsys.o(.text) refers to chmemcore.o(.text) for _core_init
    chsys.o(.text) refers to chheap.o(.text) for _heap_init
    chsys.o(.text) refers to chthreads.o(.text) for _thread_init
    chsys.o(.text) refers to chschd.o(.bss) for rlist
    chsys.o(.text) refers to chsys.o(.bss) for mainthread
    chsys.o(.text) refers to chvt.o(.bss) for vtlist
    chthreads.o(.text) refers to chschd.o(.text) for chSchWakeupS
    chthreads.o(.text) refers to chdynamic.o(.text) for chThdRelease
    chthreads.o(.text) refers to chschd.o(.bss) for rlist
    chthreads.o(.text) refers to chcoreasm_v7m.o(.text) for _port_thread_start
    chthreads.o(.text) refers to chvt.o(.bss) for vtlist
[...]
    MPU6050::getPassthroughStatus()          0x08000dbb   Thumb Code    40  mpu6050.o(.text)
    MPU6050::getSlave4IsDone()               0x08000de3   Thumb Code    40  mpu6050.o(.text)
    MPU6050::getLostArbitration()            0x08000e0b   Thumb Code    40  mpu6050.o(.text)
    MPU6050::getSlave4Nack()                 0x08000e33   Thumb Code    40  mpu6050.o(.text)
    MPU6050::getSlave3Nack()                 0x08000e5b   Thumb Code    40  mpu6050.o(.text)
    MPU6050::getSlave2Nack()                 0x08000e83   Thumb Code    40  mpu6050.o(.text)
    MPU6050::getSlave1Nack()                 0x08000eab   Thumb Code    40  mpu6050.o(.text)
    MPU6050::getSlave0Nack()                 0x08000ed3   Thumb Code    40  mpu6050.o(.text)
    MPU6050::getInterruptMode()              0x08000efb   Thumb Code    46  mpu6050.o(.text)
    MPU6050::setInterruptMode(bool)          0x08000f29   Thumb Code    24  mpu6050.o(.text)
    MPU6050::getInterruptDrive()             0x08000f41   Thumb Code    40  mpu6050.o(.text)
    MPU6050::setInterruptDrive(bool)         0x08000f69   Thumb Code    24  mpu6050.o(.text)
    MPU6050::getInterruptLatch()             0x08000f81   Thumb Code    40  mpu6050.o(.text)
    MPU6050::setInterruptLatch(bool)         0x08000fa9   Thumb Code    24  mpu6050.o(.text)
    MPU6050::getInterruptLatchClear()        0x08000fc1   Thumb Code    40  mpu6050.o(.text)
    MPU6050::setInterruptLatchClear(bool)    0x08000fe9   Thumb Code    24  mpu6050.o(.text)
    MPU6050::getFSyncInterruptLevel()        0x08001001   Thumb Code    40  mpu6050.o(.text)
    MPU6050::setFSyncInterruptLevel(bool)    0x08001029   Thumb Code    24  mpu6050.o(.text)
    MPU6050::getFSyncInterruptEnabled()      0x08001041   Thumb Code    40  mpu6050.o(.text)
    MPU6050::setFSyncInterruptEnabled(bool)  0x08001069   Thumb Code    24  mpu6050.o(.text)
    MPU6050::getI2CBypassEnabled()           0x08001081   Thumb Code    40  mpu6050.o(.text)
    MPU6050::setI2CBypassEnabled(bool)       0x080010a9   Thumb Code    24  mpu6050.o(.text)
    MPU6050::getClockOutputEnabled()         0x080010c1   Thumb Code    40  mpu6050.o(.text)
    MPU6050::setClockOutputEnabled(bool)     0x080010e9   Thumb Code    24  mpu6050.o(.text)
    MPU6050::getIntEnabled()                 0x08001101   Thumb Code    26  mpu6050.o(.text)
    MPU6050::setIntEnabled(unsigned char)    0x0800111b   Thumb Code    20  mpu6050.o(.text)
    MPU6050::getIntFreefallEnabled()         0x0800112f   Thumb Code    40  mpu6050.o(.text)
    MPU6050::setIntFreefallEnabled(bool)     0x08001157   Thumb Code    24  mpu6050.o(.text)
    MPU6050::getIntMotionEnabled()           0x0800116f   Thumb Code    40  mpu6050.o(.text)
    MPU6050::setIntMotionEnabled(bool)       0x08001197   Thumb Code    24  mpu6050.o(.text)
    MPU6050::getIntZeroMotionEnabled()       0x080011af   Thumb Code    40  mpu6050.o(.text)
    MPU6050::setIntZeroMotionEnabled(bool)   0x080011d7   Thumb Code    24  mpu6050.o(.text)
    MPU6050::getIntFIFOBufferOverflowEnabled() 0x080011ef   Thumb Code    40  mpu6050.o(.text)
    MPU6050::setIntFIFOBufferOverflowEnabled(bool) 0x08001217   Thumb Code    24  mpu6050.o(.text)
    MPU6050::getIntI2CMasterEnabled()        0x0800122f   Thumb Code    40  mpu6050.o(.text)
    MPU6050::setIntI2CMasterEnabled(bool)    0x08001257   Thumb Code    24  mpu6050.o(.text)
    MPU6050::getIntDataReadyEnabled()        0x0800126f   Thumb Code    40  mpu6050.o(.text)
    MPU6050::setIntDataReadyEnabled(bool)    0x08001297   Thumb Code    24  mpu6050.o(.text)
    MPU6050::getIntStatus()                  0x080012af   Thumb Code    26  mpu6050.o(.text)
    MPU6050::getIntFreefallStatus()          0x080012c9   Thumb Code    40  mpu6050.o(.text)
    MPU6050::getIntMotionStatus()            0x080012f1   Thumb Code    40  mpu6050.o(.text)
    MPU6050::getIntZeroMotionStatus()        0x08001319   Thumb Code    44  mpu6050.o(.text)
    MPU6050::getIntFIFOBufferOverflowStatus() 0x08001345   Thumb Code    40  mpu6050.o(.text)
    MPU6050::getIntI2CMasterStatus()         0x0800136d   Thumb Code    40  mpu6050.o(.text)
    MPU6050::getIntDataReadyStatus()         0x08001395   Thumb Code    40  mpu6050.o(.text)
    MPU6050::getMotion6(short*, short*, short*, short*, short*, short*) 0x080013bd   Thumb Code   126  mpu6050.o(.text)
    MPU6050::getMotion9(short*, short*, short*, short*, short*, short*, short*, short*, short*) 0x0800143b   Thumb Code    72  mpu6050.o(.text)
    MPU6050::getAcceleration(short*, short*, short*) 0x08001483   Thumb Code    72  mpu6050.o(.text)
    MPU6050::getAccelerationX()              0x080014cb   Thumb Code    40  mpu6050.o(.text)
    MPU6050::getAccelerationY()              0x080014f3   Thumb Code    40  mpu6050.o(.text)
    MPU6050::getAccelerationZ()              0x0800151b   Thumb Code    40  mpu6050.o(.text)
    MPU6050::getTemperature()                0x08001543   Thumb Code    40  mpu6050.o(.text)
    MPU6050::getRotation(short*, short*, short*) 0x0800156b   Thumb Code    72  mpu6050.o(.text)
    MPU6050::getRotationX()                  0x080015b3   Thumb Code    40  mpu6050.o(.text)
    MPU6050::getRotationY()                  0x080015db   Thumb Code    40  mpu6050.o(.text)
    MPU6050::getRotationZ()                  0x08001603   Thumb Code    40  mpu6050.o(.text)
    MPU6050::getExternalSensorByte(int)      0x0800162b   Thumb Code    30  mpu6050.o(.text)
    MPU6050::getExternalSensorWord(int)      0x08001649   Thumb Code    42  mpu6050.o(.text)
    MPU6050::getExternalSensorDWord(int)     0x08001673   Thumb Code    54  mpu6050.o(.text)
    MPU6050::getXNegMotionDetected()         0x080016a9   Thumb Code    40  mpu6050.o(.text)
    MPU6050::getXPosMotionDetected()         0x080016d1   Thumb Code    40  mpu6050.o(.text)
    MPU6050::getYNegMotionDetected()         0x080016f9   Thumb Code    40  mpu6050.o(.text)
    MPU6050::getYPosMotionDetected()         0x08001721   Thumb Code    44  mpu6050.o(.text)
    MPU6050::getZNegMotionDetected()         0x0800174d   Thumb Code    40  mpu6050.o(.text)
    MPU6050::getZPosMotionDetected()         0x08001775   Thumb Code    40  mpu6050.o(.text)
    MPU6050::getZeroMotionDetected()         0x0800179d   Thumb Code    40  mpu6050.o(.text)
    MPU6050::setSlaveOutputByte(unsigned char, unsigned char) 0x080017c5   Thumb Code    32  mpu6050.o(.text)
    MPU6050::getExternalShadowDelayEnabled() 0x080017e5   Thumb Code    40  mpu6050.o(.text)
    MPU6050::setExternalShadowDelayEnabled(bool) 0x0800180d   Thumb Code    24  mpu6050.o(.text)
    MPU6050::getSlaveDelayEnabled(unsigned char) 0x08001825   Thumb Code    44  mpu6050.o(.text)
    MPU6050::setSlaveDelayEnabled(unsigned char, bool) 0x08001851   Thumb Code    24  mpu6050.o(.text)
    MPU6050::resetGyroscopePath()            0x08001869   Thumb Code    24  mpu6050.o(.text)
    MPU6050::resetAccelerometerPath()        0x08001881   Thumb Code    22  mpu6050.o(.text)
    MPU6050::resetTemperaturePath()          0x08001897   Thumb Code    24  mpu6050.o(.text)
    MPU6050::getAccelerometerPowerOnDelay()  0x080018af   Thumb Code    38  mpu6050.o(.text)
    MPU6050::setAccelerometerPowerOnDelay(unsigned char) 0x080018d5   Thumb Code    28  mpu6050.o(.text)
    MPU6050::getFreefallDetectionCounterDecrement() 0x080018f1   Thumb Code    38  mpu6050.o(.text)
    MPU6050::setFreefallDetectionCounterDecrement(unsigned char) 0x08001917   Thumb Code    28  mpu6050.o(.text)
    MPU6050::getMotionDetectionCounterDecrement() 0x08001933   Thumb Code    38  mpu6050.o(.text)
    MPU6050::setMotionDetectionCounterDecrement(unsigned char) 0x08001959   Thumb Code    28  mpu6050.o(.text)
    MPU6050::getFIFOEnabled()                0x08001975   Thumb Code    40  mpu6050.o(.text)
    MPU6050::setFIFOEnabled(bool)            0x0800199d   Thumb Code    24  mpu6050.o(.text)
    MPU6050::getI2CMasterModeEnabled()       0x080019b5   Thumb Code    40  mpu6050.o(.text)
    MPU6050::setI2CMasterModeEnabled(bool)   0x080019dd   Thumb Code    24  mpu6050.o(.text)
    MPU6050::switchSPIEnabled(bool)          0x080019f5   Thumb Code    24  mpu6050.o(.text)
    MPU6050::resetFIFO()                     0x08001a0d   Thumb Code    24  mpu6050.o(.text)
    MPU6050::resetI2CMaster()                0x08001a25   Thumb Code    22  mpu6050.o(.text)
    MPU6050::resetSensors()                  0x08001a3b   Thumb Code    24  mpu6050.o(.text)
    MPU6050::reset()                         0x08001a53   Thumb Code    24  mpu6050.o(.text)
    MPU6050::getSleepEnabled()               0x08001a6b   Thumb Code    40  mpu6050.o(.text)
    MPU6050::getWakeCycleEnabled()           0x08001a93   Thumb Code    40  mpu6050.o(.text)
    MPU6050::setWakeCycleEnabled(bool)       0x08001abb   Thumb Code    24  mpu6050.o(.text)
    MPU6050::getTempSensorEnabled()          0x08001ad3   Thumb Code    40  mpu6050.o(.text)
    MPU6050::setTempSensorEnabled(bool)      0x08001afb   Thumb Code    26  mpu6050.o(.text)
    MPU6050::getClockSource()                0x08001b15   Thumb Code    44  mpu6050.o(.text)
    MPU6050::getWakeFrequency()              0x08001b41   Thumb Code    38  mpu6050.o(.text)
    MPU6050::setWakeFrequency(unsigned char) 0x08001b67   Thumb Code    28  mpu6050.o(.text)
    MPU6050::getStandbyXAccelEnabled()       0x08001b83   Thumb Code    40  mpu6050.o(.text)
    MPU6050::setStandbyXAccelEnabled(bool)   0x08001bab   Thumb Code    24  mpu6050.o(.text)
    MPU6050::getStandbyYAccelEnabled()       0x08001bc3   Thumb Code    40  mpu6050.o(.text)
    MPU6050::setStandbyYAccelEnabled(bool)   0x08001beb   Thumb Code    24  mpu6050.o(.text)
    MPU6050::getStandbyZAccelEnabled()       0x08001c03   Thumb Code    40  mpu6050.o(.text)
    MPU6050::setStandbyZAccelEnabled(bool)   0x08001c2b   Thumb Code    24  mpu6050.o(.text)
    MPU6050::getStandbyXGyroEnabled()        0x08001c43   Thumb Code    40  mpu6050.o(.text)
    MPU6050::setStandbyXGyroEnabled(bool)    0x08001c6b   Thumb Code    24  mpu6050.o(.text)
    MPU6050::getStandbyYGyroEnabled()        0x08001c83   Thumb Code    40  mpu6050.o(.text)
    MPU6050::setStandbyYGyroEnabled(bool)    0x08001cab   Thumb Code    24  mpu6050.o(.text)
    MPU6050::getStandbyZGyroEnabled()        0x08001cc3   Thumb Code    40  mpu6050.o(.text)
    MPU6050::setStandbyZGyroEnabled(bool)    0x08001ceb   Thumb Code    24  mpu6050.o(.text)
    MPU6050::getFIFOCount()                  0x08001d03   Thumb Code    38  mpu6050.o(.text)
    MPU6050::getFIFOByte()                   0x08001d29   Thumb Code    26  mpu6050.o(.text)
    MPU6050::setFIFOByte(unsigned char)      0x08001d43   Thumb Code    20  mpu6050.o(.text)
    MPU6050::getFIFOBytes(unsigned char*, unsigned char) 0x08001d57   Thumb Code    30  mpu6050.o(.text)
    MPU6050::setDeviceID(unsigned char)      0x08001d75   Thumb Code    26  mpu6050.o(.text)
    MPU6050::getOTPBankValid()               0x08001d8f   Thumb Code    30  mpu6050.o(.text)
    MPU6050::setOTPBankValid(bool)           0x08001dad   Thumb Code    22  mpu6050.o(.text)
    MPU6050::getXGyroOffset()                0x08001dc3   Thumb Code    38  mpu6050.o(.text)
    MPU6050::setXGyroOffset(signed char)     0x08001de9   Thumb Code    28  mpu6050.o(.text)
    MPU6050::getYGyroOffset()                0x08001e05   Thumb Code    38  mpu6050.o(.text)
    MPU6050::setYGyroOffset(signed char)     0x08001e2b   Thumb Code    28  mpu6050.o(.text)
    MPU6050::getZGyroOffset()                0x08001e47   Thumb Code    38  mpu6050.o(.text)
    MPU6050::setZGyroOffset(signed char)     0x08001e6d   Thumb Code    28  mpu6050.o(.text)
    MPU6050::getXFineGain()                  0x08001e89   Thumb Code    28  mpu6050.o(.text)
    MPU6050::setXFineGain(signed char)       0x08001ea5   Thumb Code    20  mpu6050.o(.text)
    MPU6050::getYFineGain()                  0x08001eb9   Thumb Code    28  mpu6050.o(.text)
    MPU6050::setYFineGain(signed char)       0x08001ed5   Thumb Code    20  mpu6050.o(.text)
    MPU6050::getZFineGain()                  0x08001ee9   Thumb Code    28  mpu6050.o(.text)
    MPU6050::setZFineGain(signed char)       0x08001f05   Thumb Code    20  mpu6050.o(.text)
    MPU6050::getXAccelOffset()               0x08001f19   Thumb Code    44  mpu6050.o(.text)
    MPU6050::setXAccelOffset(short)          0x08001f45   Thumb Code    20  mpu6050.o(.text)
    MPU6050::getYAccelOffset()               0x08001f59   Thumb Code    40  mpu6050.o(.text)
    MPU6050::setYAccelOffset(short)          0x08001f81   Thumb Code    20  mpu6050.o(.text)
    MPU6050::getZAccelOffset()               0x08001f95   Thumb Code    40  mpu6050.o(.text)
    MPU6050::setZAccelOffset(short)          0x08001fbd   Thumb Code    20  mpu6050.o(.text)
    MPU6050::getXGyroOffsetUser()            0x08001fd1   Thumb Code    40  mpu6050.o(.text)
    MPU6050::setXGyroOffsetUser(short)       0x08001ff9   Thumb Code    20  mpu6050.o(.text)
    MPU6050::getYGyroOffsetUser()            0x0800200d   Thumb Code    40  mpu6050.o(.text)
    MPU6050::setYGyroOffsetUser(short)       0x08002035   Thumb Code    20  mpu6050.o(.text)
    MPU6050::getZGyroOffsetUser()            0x08002049   Thumb Code    40  mpu6050.o(.text)
    MPU6050::setZGyroOffsetUser(short)       0x08002071   Thumb Code    20  mpu6050.o(.text)
    MPU6050::getIntPLLReadyEnabled()         0x08002085   Thumb Code    40  mpu6050.o(.text)
    MPU6050::setIntPLLReadyEnabled(bool)     0x080020ad   Thumb Code    24  mpu6050.o(.text)
    MPU6050::getIntDMPEnabled()              0x080020c5   Thumb Code    40  mpu6050.o(.text)
    MPU6050::setIntDMPEnabled(bool)          0x080020ed   Thumb Code    24  mpu6050.o(.text)
    MPU6050::getDMPInt5Status()              0x08002105   Thumb Code    40  mpu6050.o(.text)
    MPU6050::getDMPInt4Status()              0x0800212d   Thumb Code    40  mpu6050.o(.text)
    MPU6050::getDMPInt3Status()              0x08002155   Thumb Code    40  mpu6050.o(.text)
    MPU6050::getDMPInt2Status()              0x0800217d   Thumb Code    40  mpu6050.o(.text)
    MPU6050::getDMPInt1Status()              0x080021a5   Thumb Code    40  mpu6050.o(.text)
    MPU6050::getDMPInt0Status()              0x080021cd   Thumb Code    40  mpu6050.o(.text)
    MPU6050::getIntPLLReadyStatus()          0x080021f5   Thumb Code    40  mpu6050.o(.text)
    MPU6050::getIntDMPStatus()               0x0800221d   Thumb Code    40  mpu6050.o(.text)
    MPU6050::getDMPEnabled()                 0x08002245   Thumb Code    40  mpu6050.o(.text)
    MPU6050::setDMPEnabled(bool)             0x0800226d   Thumb Code    24  mpu6050.o(.text)
    MPU6050::resetDMP()                      0x08002285   Thumb Code    24  mpu6050.o(.text)
    MPU6050::setMemoryBank(unsigned char, bool, bool) 0x0800229d   Thumb Code    42  mpu6050.o(.text)
    MPU6050::setMemoryStartAddress(unsigned char) 0x080022c7   Thumb Code    20  mpu6050.o(.text)
    MPU6050::readMemoryByte()                0x080022db   Thumb Code    26  mpu6050.o(.text)
    MPU6050::writeMemoryByte(unsigned char)  0x080022f5   Thumb Code    20  mpu6050.o(.text)
    MPU6050::readMemoryBlock(unsigned char*, unsigned short, unsigned char, unsigned char) 0x08002309   Thumb Code   156  mpu6050.o(.text)
    MPU6050::writeMemoryBlock(const unsigned char*, unsigned short, unsigned char, unsigned char, bool, bool) 0x080023a5   Thumb Code    18  mpu6050.o(.text)
    MPU6050::writeProgMemoryBlock(const unsigned char*, unsigned short, unsigned char, unsigned char, bool) 0x080023b7   Thumb Code    46  mpu6050.o(.text)
    MPU6050::writeDMPConfigurationSet(const unsigned char*, unsigned short, bool) 0x080023e5   Thumb Code     4  mpu6050.o(.text)
    MPU6050::writeProgDMPConfigurationSet(const unsigned char*, unsigned short) 0x080023e9   Thumb Code    24  mpu6050.o(.text)
    MPU6050::getDMPConfig1()                 0x08002401   Thumb Code    26  mpu6050.o(.text)
    MPU6050::setDMPConfig1(unsigned char)    0x0800241b   Thumb Code    20  mpu6050.o(.text)
    MPU6050::getDMPConfig2()                 0x0800242f   Thumb Code    26  mpu6050.o(.text)
    MPU6050::setDMPConfig2(unsigned char)    0x08002449   Thumb Code    20  mpu6050.o(.text)
    I2Cdev::I2Cdev()                         0x08002461   Thumb Code     2  i2cdev.o(.text)
    I2Cdev::I2Cdev__sub_object()             0x08002461   Thumb Code     0  i2cdev.o(.text)
    I2Cdev::readBit(unsigned char, unsigned char, unsigned char, unsigned char*, unsigned short) 0x08002463   Thumb Code    96  i2cdev.o(.text)
    I2Cdev::readBits(unsigned char, unsigned char, unsigned char, unsigned char, unsigned char*, unsigned short) 0x080024c3   Thumb Code   128  i2cdev.o(.text)
    I2Cdev::readByte(unsigned char, unsigned char, unsigned char*, unsigned short) 0x08002543   Thumb Code    54  i2cdev.o(.text)
    I2Cdev::readBytes(unsigned char, unsigned char, unsigned char, unsigned char*, unsigned short) 0x08002579   Thumb Code    68  i2cdev.o(.text)
    I2Cdev::writeBytes(unsigned char, unsigned char, unsigned char, unsigned char*) 0x080025bd   Thumb Code    86  i2cdev.o(.text)
    I2Cdev::writeByte(unsigned char, unsigned char, unsigned char) 0x08002613   Thumb Code    22  i2cdev.o(.text)
    I2Cdev::writeBit(unsigned char, unsigned char, unsigned char, unsigned char) 0x08002629   Thumb Code    78  i2cdev.o(.text)
    I2Cdev::writeBits(unsigned char, unsigned char, unsigned char, unsigned char, unsigned char) 0x08002677   Thumb Code   114  i2cdev.o(.text)
    I2Cdev::writeWords(unsigned char, unsigned char, unsigned char, unsigned short*) 0x080026e9   Thumb Code    34  i2cdev.o(.text)
    I2Cdev::writeWord(unsigned char, unsigned char, unsigned short) 0x0800270b   Thumb Code    22  i2cdev.o(.text)
    Reset_Handler                            0x08002731   Thumb Code    36  cstartup.o(.text)
    __user_initial_stackheap                 0x08002759   Thumb Code     0  cstartup.o(.text)
    _port_switch                             0x08002781   Thumb Code    16  chcoreasm_v7m.o(.text)
    _port_thread_start                       0x08002791   Thumb Code    14  chcoreasm_v7m.o(.text)
    _port_switch_from_isr                    0x0800279f   Thumb Code     6  chcoreasm_v7m.o(.text)
    _port_exit_from_isr                      0x080027a3   Thumb Code     0  chcoreasm_v7m.o(.text)
    port_halt                                0x080027a5   Thumb Code     6  chcore.o(.text)
    _port_irq_epilogue                       0x080027ad   Thumb Code   120  chcore_v7m.o(.text)
    SysTickVector                            0x08002825   Thumb Code    28  chcore_v7m.o(.text)
    SVCallVector                             0x08002841   Thumb Code    24  chcore_v7m.o(.text)
    _port_init                               0x08002859   Thumb Code    50  chcore_v7m.o(.text)
    BusFaultVector                           0x080028a5   Thumb Code     0  vectors.o(.text)
    DebugMonitorVector                       0x080028a5   Thumb Code     0  vectors.o(.text)
    HardFaultVector                          0x080028a5   Thumb Code     0  vectors.o(.text)
    MemManageVector                          0x080028a5   Thumb Code     0  vectors.o(.text)
    NMIVector                                0x080028a5   Thumb Code     0  vectors.o(.text)
    PendSVVector                             0x080028a5   Thumb Code     0  vectors.o(.text)
    UsageFaultVector                         0x080028a5   Thumb Code     0  vectors.o(.text)
    Vector100                                0x080028a5   Thumb Code     0  vectors.o(.text)
    Vector104                                0x080028a5   Thumb Code     0  vectors.o(.text)
    Vector108                                0x080028a5   Thumb Code     0  vectors.o(.text)
    Vector10C                                0x080028a5   Thumb Code     0  vectors.o(.text)
    Vector110                                0x080028a5   Thumb Code     0  vectors.o(.text)
    Vector114                                0x080028a5   Thumb Code     0  vectors.o(.text)
    Vector118                                0x080028a5   Thumb Code     0  vectors.o(.text)
    Vector11C                                0x080028a5   Thumb Code     0  vectors.o(.text)
    Vector134                                0x080028a5   Thumb Code     0  vectors.o(.text)
    Vector138                                0x080028a5   Thumb Code     0  vectors.o(.text)
    Vector13C                                0x080028a5   Thumb Code     0  vectors.o(.text)
    Vector140                                0x080028a5   Thumb Code     0  vectors.o(.text)
    Vector144                                0x080028a5   Thumb Code     0  vectors.o(.text)
    Vector148                                0x080028a5   Thumb Code     0  vectors.o(.text)
    Vector14C                                0x080028a5   Thumb Code     0  vectors.o(.text)
    Vector15C                                0x080028a5   Thumb Code     0  vectors.o(.text)
    Vector160                                0x080028a5   Thumb Code     0  vectors.o(.text)
    Vector164                                0x080028a5   Thumb Code     0  vectors.o(.text)
    Vector168                                0x080028a5   Thumb Code     0  vectors.o(.text)
    Vector16C                                0x080028a5   Thumb Code     0  vectors.o(.text)
    Vector170                                0x080028a5   Thumb Code     0  vectors.o(.text)
    Vector174                                0x080028a5   Thumb Code     0  vectors.o(.text)
    Vector178                                0x080028a5   Thumb Code     0  vectors.o(.text)
    Vector17C                                0x080028a5   Thumb Code     0  vectors.o(.text)
    Vector180                                0x080028a5   Thumb Code     0  vectors.o(.text)
    Vector184                                0x080028a5   Thumb Code     0  vectors.o(.text)
    Vector1C                                 0x080028a5   Thumb Code     0  vectors.o(.text)
    Vector20                                 0x080028a5   Thumb Code     0  vectors.o(.text)
    Vector24                                 0x080028a5   Thumb Code     0  vectors.o(.text)
    Vector28                                 0x080028a5   Thumb Code     0  vectors.o(.text)
    Vector34                                 0x080028a5   Thumb Code     0  vectors.o(.text)
    Vector40                                 0x080028a5   Thumb Code     0  vectors.o(.text)
    Vector44                                 0x080028a5   Thumb Code     0  vectors.o(.text)
    Vector48                                 0x080028a5   Thumb Code     0  vectors.o(.text)
    Vector4C                                 0x080028a5   Thumb Code     0  vectors.o(.text)
    Vector50                                 0x080028a5   Thumb Code     0  vectors.o(.text)
    Vector54                                 0x080028a5   Thumb Code     0  vectors.o(.text)
    Vector58                                 0x080028a5   Thumb Code     0  vectors.o(.text)
    Vector5C                                 0x080028a5   Thumb Code     0  vectors.o(.text)
    Vector60                                 0x080028a5   Thumb Code     0  vectors.o(.text)
    Vector64                                 0x080028a5   Thumb Code     0  vectors.o(.text)
    Vector68                                 0x080028a5   Thumb Code     0  vectors.o(.text)
    Vector8C                                 0x080028a5   Thumb Code     0  vectors.o(.text)
    Vector90                                 0x080028a5   Thumb Code     0  vectors.o(.text)
    Vector94                                 0x080028a5   Thumb Code     0  vectors.o(.text)
    Vector98                                 0x080028a5   Thumb Code     0  vectors.o(.text)
    Vector9C                                 0x080028a5   Thumb Code     0  vectors.o(.text)
    VectorA0                                 0x080028a5   Thumb Code     0  vectors.o(.text)
    VectorA4                                 0x080028a5   Thumb Code     0  vectors.o(.text)
    VectorA8                                 0x080028a5   Thumb Code     0  vectors.o(.text)
    VectorAC                                 0x080028a5   Thumb Code     0  vectors.o(.text)
    VectorB0                                 0x080028a5   Thumb Code     0  vectors.o(.text)
    VectorB4                                 0x080028a5   Thumb Code     0  vectors.o(.text)
    VectorC4                                 0x080028a5   Thumb Code     0  vectors.o(.text)
    VectorC8                                 0x080028a5   Thumb Code     0  vectors.o(.text)
    VectorCC                                 0x080028a5   Thumb Code     0  vectors.o(.text)
    VectorD0                                 0x080028a5   Thumb Code     0  vectors.o(.text)
    VectorD4                                 0x080028a5   Thumb Code     0  vectors.o(.text)
    VectorDC                                 0x080028a5   Thumb Code     0  vectors.o(.text)
    VectorE0                                 0x080028a5   Thumb Code     0  vectors.o(.text)
    VectorE4                                 0x080028a5   Thumb Code     0  vectors.o(.text)
    VectorE8                                 0x080028a5   Thumb Code     0  vectors.o(.text)
    VectorEC                                 0x080028a5   Thumb Code     0  vectors.o(.text)
    VectorF0                                 0x080028a5   Thumb Code     0  vectors.o(.text)
    VectorF4                                 0x080028a5   Thumb Code     0  vectors.o(.text)
    VectorF8                                 0x080028a5   Thumb Code     0  vectors.o(.text)
    _unhandled_exception                     0x080028a5   Thumb Code     2  vectors.o(.text)
    nvicEnableVector                         0x080028a9   Thumb Code   102  nvic.o(.text)
    nvicDisableVector                        0x0800290f   Thumb Code    66  nvic.o(.text)
    nvicSetSystemHandlerPriority             0x08002951   Thumb Code    52  nvic.o(.text)
    chCondInit                               0x080029b9   Thumb Code     6  chcond.o(.text)
    chCondSignal                             0x080029bf   Thumb Code    42  chcond.o(.text)
    chCondSignalI                            0x080029e9   Thumb Code    30  chcond.o(.text)
    chCondBroadcastI                         0x08002a07   Thumb Code    32  chcond.o(.text)
    chCondBroadcast                          0x08002a27   Thumb Code    32  chcond.o(.text)
    chCondWaitS                              0x08002a47   Thumb Code    46  chcond.o(.text)
    chCondWait                               0x08002a75   Thumb Code    32  chcond.o(.text)
    chCondWaitTimeoutS                       0x08002a95   Thumb Code    56  chcond.o(.text)
    chCondWaitTimeout                        0x08002acd   Thumb Code    36  chcond.o(.text)
    chThdAddRef                              0x08002b01   Thumb Code    26  chdynamic.o(.text)
    chThdRelease                             0x08002b1b   Thumb Code   102  chdynamic.o(.text)
    chThdCreateFromHeap                      0x08002b81   Thumb Code   100  chdynamic.o(.text)
    chThdCreateFromMemoryPool                0x08002be5   Thumb Code    86  chdynamic.o(.text)
    chEvtRegisterMask                        0x08002c3d   Thumb Code    34  chevents.o(.text)
    chEvtUnregister                          0x08002c5f   Thumb Code    48  chevents.o(.text)
    chEvtClearFlags                          0x08002c8f   Thumb Code    46  chevents.o(.text)
    chEvtAddFlags                            0x08002cbd   Thumb Code    36  chevents.o(.text)
    chEvtSignalFlagsI                        0x08002ce1   Thumb Code    58  chevents.o(.text)
    chEvtSignalFlags                         0x08002d1b   Thumb Code    36  chevents.o(.text)
    chEvtBroadcastFlagsI                     0x08002d3f   Thumb Code    30  chevents.o(.text)
    chEvtBroadcastFlags                      0x08002d5d   Thumb Code    36  chevents.o(.text)
    chEvtDispatch                            0x08002d81   Thumb Code    52  chevents.o(.text)
    chEvtWaitOne                             0x08002db5   Thumb Code    68  chevents.o(.text)
    chEvtWaitAny                             0x08002df9   Thumb Code    60  chevents.o(.text)
    chEvtWaitAll                             0x08002e35   Thumb Code    54  chevents.o(.text)
    chEvtWaitOneTimeout                      0x08002e6b   Thumb Code   102  chevents.o(.text)
    chEvtWaitAnyTimeout                      0x08002ed1   Thumb Code    94  chevents.o(.text)
    chEvtWaitAllTimeout                      0x08002f2f   Thumb Code    88  chevents.o(.text)
    _heap_init                               0x08002f8d   Thumb Code    30  chheap.o(.text)
    chHeapInit                               0x08002fab   Thumb Code    44  chheap.o(.text)
    chHeapAlloc                              0x08002fd7   Thumb Code   150  chheap.o(.text)
    chHeapFree                               0x0800306d   Thumb Code   132  chheap.o(.text)
    chHeapStatus                             0x080030f1   Thumb Code    64  chheap.o(.text)
    chMBInit                                 0x08003139   Thumb Code    42  chmboxes.o(.text)
    chMBReset                                0x08003163   Thumb Code    62  chmboxes.o(.text)
    chMBPostS                                0x080031a1   Thumb Code    64  chmboxes.o(.text)
    chMBPost                                 0x080031e1   Thumb Code    44  chmboxes.o(.text)
    chMBPostI                                0x0800320d   Thumb Code    60  chmboxes.o(.text)
    chMBPostAheadS                           0x08003249   Thumb Code    66  chmboxes.o(.text)
    chMBPostAhead                            0x0800328b   Thumb Code    44  chmboxes.o(.text)
    chMBPostAheadI                           0x080032b7   Thumb Code    64  chmboxes.o(.text)
    chMBFetchS                               0x080032f7   Thumb Code    66  chmboxes.o(.text)
    chMBFetch                                0x08003339   Thumb Code    44  chmboxes.o(.text)
    chMBFetchI                               0x08003365   Thumb Code    62  chmboxes.o(.text)
    _core_init                               0x080033a5   Thumb Code    22  chmemcore.o(.text)
    chCoreAllocI                             0x080033bb   Thumb Code    46  chmemcore.o(.text)
    chCoreAlloc                              0x080033e9   Thumb Code    32  chmemcore.o(.text)
    chCoreStatus                             0x08003409   Thumb Code    12  chmemcore.o(.text)
    chPoolInit                               0x08003425   Thumb Code    20  chmempools.o(.text)
    chPoolAllocI                             0x08003439   Thumb Code    34  chmempools.o(.text)
    chPoolAlloc                              0x0800345b   Thumb Code    32  chmempools.o(.text)
    chPoolFreeI                              0x0800347b   Thumb Code    10  chmempools.o(.text)
    chPoolFree                               0x08003485   Thumb Code    32  chmempools.o(.text)
    chMsgSend                                0x080034a5   Thumb Code    78  chmsg.o(.text)
    chMsgWait                                0x080034f3   Thumb Code    72  chmsg.o(.text)
    chMsgRelease                             0x0800353b   Thumb Code    32  chmsg.o(.text)
    chMtxInit                                0x08003585   Thumb Code    12  chmtx.o(.text)
    chMtxLockS                               0x08003591   Thumb Code   132  chmtx.o(.text)
    chMtxLock                                0x08003615   Thumb Code    28  chmtx.o(.text)
    chMtxTryLockS                            0x08003631   Thumb Code    34  chmtx.o(.text)
    chMtxTryLock                             0x08003653   Thumb Code    32  chmtx.o(.text)
    chMtxUnlock                              0x08003673   Thumb Code   112  chmtx.o(.text)
    chMtxUnlockS                             0x080036e3   Thumb Code    94  chmtx.o(.text)
    chMtxUnlockAll                           0x08003741   Thumb Code    86  chmtx.o(.text)
    chIQInit                                 0x080037e5   Thumb Code    28  chqueues.o(.text)
    chIQResetI                               0x08003801   Thumb Code    44  chqueues.o(.text)
    chIQPutI                                 0x0800382d   Thumb Code    82  chqueues.o(.text)
    chIQGetTimeout                           0x0800387f   Thumb Code   104  chqueues.o(.text)
    chIQReadTimeout                          0x080038e7   Thumb Code   136  chqueues.o(.text)
    chOQInit                                 0x0800396f   Thumb Code    24  chqueues.o(.text)
    chOQResetI                               0x08003987   Thumb Code    48  chqueues.o(.text)
    chOQPutTimeout                           0x080039b7   Thumb Code   106  chqueues.o(.text)
    chOQGetI                                 0x08003a21   Thumb Code    80  chqueues.o(.text)
    chOQWriteTimeout                         0x08003a71   Thumb Code   136  chqueues.o(.text)
    chRegFirstThread                         0x08003b09   Thumb Code    30  chregistry.o(.text)
    chRegNextThread                          0x08003b27   Thumb Code    52  chregistry.o(.text)
    _scheduler_init                          0x08003b61   Thumb Code    28  chschd.o(.text)
    chSchReadyI                              0x08003b7d   Thumb Code    34  chschd.o(.text)
    chSchGoSleepS                            0x08003b9f   Thumb Code    50  chschd.o(.text)
    chSchGoSleepTimeoutS                     0x08003c1f   Thumb Code    62  chschd.o(.text)
    chSchWakeupS                             0x08003c5d   Thumb Code    68  chschd.o(.text)
    chSchDoReschedule                        0x08003ca1   Thumb Code    48  chschd.o(.text)
    chSchRescheduleS                         0x08003cd1   Thumb Code    24  chschd.o(.text)
    chSemInit                                0x08003d0b   Thumb Code     8  chsem.o(.text)
    chSemResetI                              0x08003d13   Thumb Code    48  chsem.o(.text)
    chSemReset                               0x08003d43   Thumb Code    36  chsem.o(.text)
    chSemWaitS                               0x08003d67   Thumb Code    46  chsem.o(.text)
    chSemWait                                0x08003d95   Thumb Code    32  chsem.o(.text)
    chSemWaitTimeoutS                        0x08003db5   Thumb Code    60  chsem.o(.text)
    chSemWaitTimeout                         0x08003df1   Thumb Code    36  chsem.o(.text)
    chSemSignal                              0x08003e15   Thumb Code    48  chsem.o(.text)
    chSemSignalI                             0x08003e45   Thumb Code    40  chsem.o(.text)
    chSemAddCounterI                         0x08003e6d   Thumb Code    46  chsem.o(.text)
    chSemSignalWait                          0x08003e9b   Thumb Code   100  chsem.o(.text)
    _idle_thread                             0x08003f11   Thumb Code    12  chsys.o(.text)
    chSysInit                                0x08003f1d   Thumb Code    86  chsys.o(.text)
    chSysTimerHandlerI                       0x08003f73   Thumb Code   114  chsys.o(.text)
    _thread_init                             0x08004005   Thumb Code    66  chthreads.o(.text)
    chThdCreateI                             0x08004047   Thumb Code    58  chthreads.o(.text)
    chThdCreateStatic                        0x08004081   Thumb Code    76  chthreads.o(.text)
    chThdSetPriority                         0x080040cd   Thumb Code    72  chthreads.o(.text)
    chThdResume                              0x08004115   Thumb Code    34  chthreads.o(.text)
    chThdTerminate                           0x08004137   Thumb Code    26  chthreads.o(.text)
    chThdSleep                               0x08004151   Thumb Code    32  chthreads.o(.text)
    chThdSleepUntil                          0x08004171   Thumb Code    42  chthreads.o(.text)
    chThdYield                               0x0800419b   Thumb Code    40  chthreads.o(.text)
    chThdExitS                               0x080041c3   Thumb Code    66  chthreads.o(.text)
    chThdExit                                0x08004205   Thumb Code    20  chthreads.o(.text)
    chThdWait                                0x08004219   Thumb Code    56  chthreads.o(.text)
    _vt_init                                 0x0800425d   Thumb Code    22  chvt.o(.text)
    chVTSetI                                 0x08004273   Thumb Code    58  chvt.o(.text)
    chVTResetI                               0x080042ad   Thumb Code    40  chvt.o(.text)
    chTimeIsWithin                           0x080042d5   Thumb Code    42  chvt.o(.text)
    adcInit                                  0x08004305   Thumb Code     8  adc.o(.text)
    adcObjectInit                            0x0800430d   Thumb Code    34  adc.o(.text)
    adcStart                                 0x0800432f   Thumb Code    38  adc.o(.text)
    adcStop                                  0x08004355   Thumb Code    34  adc.o(.text)
    adcStartConversionI                      0x08004377   Thumb Code    34  adc.o(.text)
    adcStartConversion                       0x08004399   Thumb Code    44  adc.o(.text)
    adcStopConversion                        0x080043c5   Thumb Code    70  adc.o(.text)
    adcStopConversionI                       0x0800440b   Thumb Code    56  adc.o(.text)
    adcConvert                               0x08004443   Thumb Code    66  adc.o(.text)
    adcAcquireBus                            0x08004485   Thumb Code    14  adc.o(.text)
    adcReleaseBus                            0x08004493   Thumb Code    10  adc.o(.text)
    halInit                                  0x080044a1   Thumb Code    38  hal.o(.text)
    halIsCounterWithin                       0x080044c7   Thumb Code    42  hal.o(.text)
    halPolledDelay                           0x080044f1   Thumb Code    28  hal.o(.text)
    pwmInit                                  0x08004515   Thumb Code     8  pwm.o(.text)
    pwmObjectInit                            0x0800451d   Thumb Code    14  pwm.o(.text)
    pwmStart                                 0x0800452b   Thumb Code    42  pwm.o(.text)
    pwmStop                                  0x08004555   Thumb Code    34  pwm.o(.text)
    pwmChangePeriod                          0x08004577   Thumb Code    30  pwm.o(.text)
    pwmEnableChannel                         0x08004595   Thumb Code    36  pwm.o(.text)
    pwmDisableChannel                        0x080045b9   Thumb Code    32  pwm.o(.text)
    sdInit                                   0x080046a7   Thumb Code     8  serial.o(.text)
    sdObjectInit                             0x080046af   Thumb Code    66  serial.o(.text)
    sdStart                                  0x080046f1   Thumb Code    38  serial.o(.text)
    sdStop                                   0x08004717   Thumb Code    54  serial.o(.text)
    sdIncomingDataI                          0x0800474d   Thumb Code    66  serial.o(.text)
    sdRequestDataI                           0x0800478f   Thumb Code    42  serial.o(.text)
    spiInit                                  0x080047bd   Thumb Code     8  spi.o(.text)
    spiObjectInit                            0x080047c5   Thumb Code    28  spi.o(.text)
    spiStart                                 0x080047e1   Thumb Code    38  spi.o(.text)
    spiStop                                  0x08004807   Thumb Code    40  spi.o(.text)
    spiSelect                                0x0800482f   Thumb Code    28  spi.o(.text)
    spiUnselect                              0x0800484b   Thumb Code    28  spi.o(.text)
    spiStartIgnore                           0x08004867   Thumb Code    38  spi.o(.text)
    spiStartExchange                         0x0800488d   Thumb Code    50  spi.o(.text)
    spiStartSend                             0x080048bf   Thumb Code    42  spi.o(.text)
    spiStartReceive                          0x080048e9   Thumb Code    42  spi.o(.text)
    spiIgnore                                0x08004913   Thumb Code    50  spi.o(.text)
    spiExchange                              0x08004945   Thumb Code    62  spi.o(.text)
    spiSend                                  0x08004983   Thumb Code    54  spi.o(.text)
    spiReceive                               0x080049b9   Thumb Code    54  spi.o(.text)
    spiAcquireBus                            0x080049ef   Thumb Code    14  spi.o(.text)
    spiReleaseBus                            0x080049fd   Thumb Code    10  spi.o(.text)
    i2cInit                                  0x08004a0d   Thumb Code     8  i2c.o(.text)
    i2cObjectInit                            0x08004a15   Thumb Code    26  i2c.o(.text)
    i2cStart                                 0x08004a2f   Thumb Code    38  i2c.o(.text)
    i2cStop                                  0x08004a55   Thumb Code    34  i2c.o(.text)
    i2cGetErrors                             0x08004a77   Thumb Code     6  i2c.o(.text)
    i2cMasterTransmitTimeout                 0x08004a7d   Thumb Code   114  i2c.o(.text)
    i2cMasterReceiveTimeout                  0x08004aef   Thumb Code    98  i2c.o(.text)
    i2cAcquireBus                            0x08004b51   Thumb Code    14  i2c.o(.text)
    i2cReleaseBus                            0x08004b5f   Thumb Code    10  i2c.o(.text)
    adc_lld_stop_conversion                  0x08004b69   Thumb Code    70  adc_lld.o(.text)
    Vector88                                 0x08004d0b   Thumb Code   440  adc_lld.o(.text)
    adc_lld_init                             0x08004ec3   Thumb Code    92  adc_lld.o(.text)
    adc_lld_start                            0x08004f1f   Thumb Code   190  adc_lld.o(.text)
    adc_lld_stop                             0x08004fdd   Thumb Code    84  adc_lld.o(.text)
    adc_lld_start_conversion                 0x08005031   Thumb Code   138  adc_lld.o(.text)
    adcSTM32EnableTSVREFE                    0x080050bb   Thumb Code    16  adc_lld.o(.text)
    adcSTM32DisableTSVREFE                   0x080050cb   Thumb Code    16  adc_lld.o(.text)
    adcSTM32EnableVBATE                      0x080050db   Thumb Code    82  adc_lld.o(.text)
    adcSTM32DisableVBATE                     0x0800512d   Thumb Code    16  adc_lld.o(.text)
    hal_lld_init                             0x0800518f   Thumb Code   166  hal_lld.o(.text)
    stm32_clock_init                         0x08005235   Thumb Code   204  hal_lld.o(.text)
    _pal_lld_init                            0x08005363   Thumb Code   126  pal_lld.o(.text)
    _pal_lld_setgroupmode                    0x080053e1   Thumb Code   228  pal_lld.o(.text)
    VectorB8                                 0x08005551   Thumb Code    14  pwm_lld.o(.text)
    pwm_lld_init                             0x0800555f   Thumb Code    16  pwm_lld.o(.text)
    pwm_lld_start                            0x0800556f   Thumb Code   336  pwm_lld.o(.text)
    pwm_lld_stop                             0x080056bf   Thumb Code    52  pwm_lld.o(.text)
    pwm_lld_enable_channel                   0x080056f3   Thumb Code    76  pwm_lld.o(.text)
    pwm_lld_disable_channel                  0x0800573f   Thumb Code    36  pwm_lld.o(.text)
    VectorD8                                 0x0800593f   Thumb Code    14  serial_lld.o(.text)
    sd_lld_init                              0x0800594d   Thumb Code    20  serial_lld.o(.text)
    sd_lld_start                             0x08005961   Thumb Code    56  serial_lld.o(.text)
    sd_lld_stop                              0x08005999   Thumb Code    48  serial_lld.o(.text)
    spi_lld_init                             0x08005ac1   Thumb Code    76  spi_lld.o(.text)
    spi_lld_start                            0x08005b0d   Thumb Code   264  spi_lld.o(.text)
    spi_lld_stop                             0x08005c15   Thumb Code    68  spi_lld.o(.text)
    spi_lld_select                           0x08005c59   Thumb Code    22  spi_lld.o(.text)
    spi_lld_unselect                         0x08005c6f   Thumb Code    20  spi_lld.o(.text)
    spi_lld_ignore                           0x08005c83   Thumb Code    78  spi_lld.o(.text)
    spi_lld_exchange                         0x08005cd1   Thumb Code    84  spi_lld.o(.text)
    spi_lld_send                             0x08005d25   Thumb Code    82  spi_lld.o(.text)
    spi_lld_receive                          0x08005d77   Thumb Code    82  spi_lld.o(.text)
    spi_lld_polled_exchange                  0x08005dc9   Thumb Code    24  spi_lld.o(.text)
    Vector6C                                 0x08005e1d   Thumb Code    40  stm32_dma.o(.text)
    Vector70                                 0x08005e45   Thumb Code    44  stm32_dma.o(.text)
    Vector74                                 0x08005e71   Thumb Code    44  stm32_dma.o(.text)
    Vector78                                 0x08005e9d   Thumb Code    44  stm32_dma.o(.text)
    Vector7C                                 0x08005ec9   Thumb Code    40  stm32_dma.o(.text)
    Vector80                                 0x08005ef1   Thumb Code    44  stm32_dma.o(.text)
    Vector84                                 0x08005f1d   Thumb Code    44  stm32_dma.o(.text)
    VectorFC                                 0x08005f49   Thumb Code    44  stm32_dma.o(.text)
    Vector120                                0x08005f75   Thumb Code    40  stm32_dma.o(.text)
    Vector124                                0x08005f9d   Thumb Code    44  stm32_dma.o(.text)
    Vector128                                0x08005fc9   Thumb Code    44  stm32_dma.o(.text)
    Vector12C                                0x08005ff5   Thumb Code    44  stm32_dma.o(.text)
    Vector130                                0x08006021   Thumb Code    40  stm32_dma.o(.text)
    Vector150                                0x08006049   Thumb Code    44  stm32_dma.o(.text)
    Vector154                                0x08006075   Thumb Code    44  stm32_dma.o(.text)
    Vector158                                0x080060a1   Thumb Code    44  stm32_dma.o(.text)
    dmaInit                                  0x080060cd   Thumb Code    62  stm32_dma.o(.text)
    dmaStreamAllocate                        0x0800610b   Thumb Code   186  stm32_dma.o(.text)
    dmaStreamRelease                         0x080061c5   Thumb Code   112  stm32_dma.o(.text)
    VectorBC                                 0x08006693   Thumb Code    14  i2c_lld.o(.text)
    VectorC0                                 0x080066a1   Thumb Code    14  i2c_lld.o(.text)
    i2c_lld_init                             0x080066af   Thumb Code    32  i2c_lld.o(.text)
    i2c_lld_start                            0x080066cf   Thumb Code   246  i2c_lld.o(.text)
    i2c_lld_stop                             0x080067c5   Thumb Code    60  i2c_lld.o(.text)
    i2c_lld_master_receive_timeout           0x08006801   Thumb Code   200  i2c_lld.o(.text)
    i2c_lld_master_transmit_timeout          0x080068c9   Thumb Code   220  i2c_lld.o(.text)
    test_printn                              0x080069c5   Thumb Code    98  test.o(.text)
    test_print                               0x08006a27   Thumb Code    36  test.o(.text)
    test_println                             0x08006a4b   Thumb Code    52  test.o(.text)
    test_emit_token                          0x08006aad   Thumb Code    36  test.o(.text)
    _test_fail                               0x08006ad1   Thumb Code    24  test.o(.text)
    _test_assert                             0x08006ae9   Thumb Code    20  test.o(.text)
    _test_assert_sequence                    0x08006afd   Thumb Code    58  test.o(.text)
    _test_assert_time_window                 0x08006b37   Thumb Code    32  test.o(.text)
    test_terminate_threads                   0x08006b57   Thumb Code    36  test.o(.text)
    test_wait_threads                        0x08006b7b   Thumb Code    46  test.o(.text)
    test_cpu_pulse                           0x08006ba9   Thumb Code    82  test.o(.text)
    test_wait_tick                           0x08006bfb   Thumb Code    14  test.o(.text)
    test_start_timer                         0x08006c13   Thumb Code    64  test.o(.text)
    TestThread                               0x08006ce1   Thumb Code   768  test.o(.text)
    thread4                                  0x080071ed   Thumb Code    42  testbmk.o(.text)
    dmpDataReady()                           0x0800a7d1   Thumb Code    10  main.o(.text)
    MPU6050::dmpGetFIFOPacketSize()          0x0800a7db   Thumb Code     8  main.o(.text)
    MPU6050::dmpInitialize()                 0x0800a7e3   Thumb Code  2660  main.o(.text)
    setup_IMU()                              0x0800b247   Thumb Code    62  main.o(.text)
    LDByteWriteI2C(unsigned char, unsigned char, unsigned char) 0x0800b3a1   Thumb Code   168  main.o(.text)
    Setup_MPU6050()                          0x0800b449   Thumb Code   432  main.o(.text)
    I2CInitialize()                          0x0800b5f9   Thumb Code    46  main.o(.text)
    i2c_scanner1()                           0x0800b627   Thumb Code   164  main.o(.text)
    readAcc()                                0x0800b6cb   Thumb Code   106  main.o(.text)
    main                                     0x0800b735   Thumb Code   244  main.o(.text)
    MPU6050::dmpPacketAvailable()            0x0800b829   Thumb Code    30  main.o(.text)
    MPU6050::dmpGetAccel(int*, const unsigned char*) 0x0800b847   Thumb Code    92  main.o(.text)
    MPU6050::dmpGetAccel(short*, const unsigned char*) 0x0800b8a3   Thumb Code    58  main.o(.text)
    MPU6050::dmpGetAccel(VectorInt16*, const unsigned char*) 0x0800b8dd   Thumb Code    58  main.o(.text)
    MPU6050::dmpGetQuaternion(int*, const unsigned char*) 0x0800b917   Thumb Code   110  main.o(.text)
    MPU6050::dmpGetQuaternion(short*, const unsigned char*) 0x0800b985   Thumb Code   268  main.o(.text)
    MPU6050::dmpGetQuaternion(Quaternion*, const unsigned char*) 0x0800ba91   Thumb Code   128  main.o(.text)
    MPU6050::dmpGetGyro(int*, const unsigned char*) 0x0800bb11   Thumb Code    86  main.o(.text)
    MPU6050::dmpGetGyro(short*, const unsigned char*) 0x0800bb67   Thumb Code    50  main.o(.text)
    MPU6050::dmpGetMag(short*, const unsigned char*) 0x0800bb99   Thumb Code    54  main.o(.text)
    MPU6050::dmpGetLinearAccel(VectorInt16*, VectorInt16*, VectorFloat*) 0x0800bbcf   Thumb Code   116  main.o(.text)
    MPU6050::dmpGetLinearAccelInWorld(VectorInt16*, VectorInt16*, Quaternion*) 0x0800bc43   Thumb Code    34  main.o(.text)
    MPU6050::dmpGetGravity(VectorFloat*, Quaternion*) 0x0800bc65   Thumb Code   128  main.o(.text)
    MPU6050::dmpGetEuler(float*, Quaternion*) 0x0800bce5   Thumb Code   288  main.o(.text)
    MPU6050::dmpGetYawPitchRoll(float*, Quaternion*, VectorFloat*) 0x0800be05   Thumb Code   246  main.o(.text)
    MPU6050::dmpProcessFIFOPacket(const unsigned char*) 0x0800befb   Thumb Code     8  main.o(.text)
    MPU6050::dmpReadAndProcessFIFOPacket(unsigned char, unsigned char*) 0x0800bf03   Thumb Code    68  main.o(.text)
    chprintf                                 0x0800c00d   Thumb Code   688  chprintf.o(.text)
    malloc                                   0x0800c2c5   Thumb Code    94  h1_alloc.o(.text)
    __use_two_region_memory                  0x0800c323   Thumb Code     2  heapauxi.o(.text)
    __rt_heap_escrow                         0x0800c325   Thumb Code     2  heapauxi.o(.text)
    __rt_heap_expand                         0x0800c327   Thumb Code     2  heapauxi.o(.text)
    __cpp_initialize__aeabi_                 0x0800c329   Thumb Code    26  init_aeabi.o(.text)
    __rt_heap_descriptor                     0x0800c34d   Thumb Code     8  rt_heap_descriptor_intlibspace.o(.text)
    __use_no_heap                            0x0800c355   Thumb Code     2  hguard.o(.text)
    __heap$guard                             0x0800c357   Thumb Code     2  hguard.o(.text)
    _terminate_user_alloc                    0x0800c359   Thumb Code     2  init_alloc.o(.text)
    _init_user_alloc                         0x0800c35b   Thumb Code     2  init_alloc.o(.text)
    __Heap_Full                              0x0800c35d   Thumb Code    34  init_alloc.o(.text)
    __Heap_Broken                            0x0800c37f   Thumb Code     6  init_alloc.o(.text)
    _init_alloc                              0x0800c385   Thumb Code    94  init_alloc.o(.text)
    __Heap_Initialize                        0x0800c3e3   Thumb Code    10  h1_init.o(.text)
    __Heap_DescSize                          0x0800c3ed   Thumb Code     4  h1_init.o(.text)
    free                                     0x0800c3f1   Thumb Code    78  h1_free.o(.text)
    __read_errno                             0x0800c43f   Thumb Code    10  _rserrno.o(.text)
    __set_errno                              0x0800c449   Thumb Code    12  _rserrno.o(.text)
    __aeabi_errno_addr                       0x0800c455   Thumb Code     8  rt_errno_addr_intlibspace.o(.text)
    __errno$intlibspace                      0x0800c455   Thumb Code     0  rt_errno_addr_intlibspace.o(.text)
    __rt_errno_addr$intlibspace              0x0800c455   Thumb Code     0  rt_errno_addr_intlibspace.o(.text)
    __Heap_ProvideMemory                     0x0800c45d   Thumb Code    52  h1_extend.o(.text)
    __rt_SIGRTMEM                            0x0800c491   Thumb Code    14  defsig_rtmem_outer.o(.text)
    __I$use$semihosting                      0x0800c49f   Thumb Code     0  use_no_semi.o(.text)
    __use_no_semihosting_swi                 0x0800c49f   Thumb Code     2  use_no_semi.o(.text)
    __semihosting_library_function           0x0800c4a1   Thumb Code     0  indicate_semi.o(.text)
    exit                                     0x0800c4a1   Thumb Code    12  exit.o(.text)
    __sig_exit                               0x0800c4ad   Thumb Code    10  defsig_exit.o(.text)
    __rt_SIGRTMEM_inner                      0x0800c4b9   Thumb Code    22  defsig_rtmem_inner.o(.text)
    _sys_exit                                0x0800c509   Thumb Code     8  sys_exit.o(.text)
    __default_signal_display                 0x0800c515   Thumb Code    50  defsig_general.o(.text)
    _ttywrch                                 0x0800c547   Thumb Code    14  sys_wrch.o(.text)
    Quaternion::getProduct(Quaternion)       0x0800c555   Thumb Code   244  main.o(i._ZN10Quaternion10getProductES_)
    Quaternion::Quaternion(float, float, float, float) 0x0800c649   Thumb Code    18  main.o(i._ZN10QuaternionC1Effff)
    Quaternion::Quaternion__sub_object(float, float, float, float) 0x0800c649   Thumb Code     0  main.o(i._ZN10QuaternionC1Effff)
    VectorInt16::rotate(Quaternion*)         0x0800c65d   Thumb Code   258  main.o(i._ZN11VectorInt166rotateEP10Quaternion)
    VectorInt16::VectorInt16()               0x0800c765   Thumb Code    12  main.o(i._ZN11VectorInt16C1Ev)
    VectorInt16::VectorInt16__sub_object()   0x0800c765   Thumb Code     0  main.o(i._ZN11VectorInt16C1Ev)
    std::atan(float)                         0x0800c771   Thumb Code    24  main.o(i._ZSt4atanf)
    std::sqrt(float)                         0x0800c789   Thumb Code    24  main.o(i._ZSt4sqrtf)
    std::atan2(float, float)                 0x0800c7a1   Thumb Code    32  main.o(i._ZSt5atan2ff)
    __ARM_fpclassifyf                        0x0800c7c1   Thumb Code    38  fpclassifyf.o(i.__ARM_fpclassifyf)
    __hardfp_asinf                           0x0800c7e9   Thumb Code   250  asinf.o(i.__hardfp_asinf)
    __hardfp_atan2f                          0x0800c90d   Thumb Code   486  atan2f.o(i.__hardfp_atan2f)
    __hardfp_atanf                           0x0800cb55   Thumb Code   290  atanf.o(i.__hardfp_atanf)
    __hardfp_sqrtf                           0x0800ccb9   Thumb Code    58  sqrtf.o(i.__hardfp_sqrtf)
    __mathlib_flt_underflow                  0x0800ccf5   Thumb Code    10  funder.o(i.__mathlib_flt_underflow)
    sqrtf                                    0x0800cd05   Thumb Code    62  sqrtf.o(i.sqrtf)
    _fp_init                                 0x0800cd43   Thumb Code    10  fpinit.o(x$fpl$fpinit)
    __fplib_config_fpu_vfp                   0x0800cd4b   Thumb Code     0  fpinit.o(x$fpl$fpinit)
    __fplib_config_pureend_doubles           0x0800cd4b   Thumb Code     0  fpinit.o(x$fpl$fpinit)
    __I$use$fp                               0x0800cd4d   Thumb Code     0  usenofp.o(x$fpl$usenofp)
    pal_default_config                       0x0800cd4c   Data         252  board.o(.constdata)
    _stm32_dma_streams                       0x0800ce78   Data         192  stm32_dma.o(.constdata)
    wa                                       0x0800cf38   Data          20  test.o(.constdata)
    testbmk1                                 0x0800cf4c   Data          16  testbmk.o(.constdata)
    testbmk2                                 0x0800cf5c   Data          16  testbmk.o(.constdata)
    testbmk3                                 0x0800cf6c   Data          16  testbmk.o(.constdata)
    testbmk4                                 0x0800cf7c   Data          16  testbmk.o(.constdata)
    testbmk5                                 0x0800cf8c   Data          16  testbmk.o(.constdata)
    testbmk6                                 0x0800cf9c   Data          16  testbmk.o(.constdata)
    testbmk7                                 0x0800cfac   Data          16  testbmk.o(.constdata)
    testbmk8                                 0x0800cfbc   Data          16  testbmk.o(.constdata)
    testbmk9                                 0x0800cfcc   Data          16  testbmk.o(.constdata)
    testbmk10                                0x0800cfdc   Data          16  testbmk.o(.constdata)
    testbmk11                                0x0800cfec   Data          16  testbmk.o(.constdata)
    testbmk12                                0x0800cffc   Data          16  testbmk.o(.constdata)
    testbmk13                                0x0800d00c   Data          16  testbmk.o(.constdata)
    patternbmk                               0x0800d01c   Data          56  testbmk.o(.constdata)
    testdyn1                                 0x0800d054   Data          16  testdyn.o(.constdata)
    testdyn2                                 0x0800d064   Data          16  testdyn.o(.constdata)
    testdyn3                                 0x0800d074   Data          16  testdyn.o(.constdata)
    patterndyn                               0x0800d084   Data          16  testdyn.o(.constdata)
    testevt1                                 0x0800d0a0   Data          16  testevt.o(.constdata)
    testevt2                                 0x0800d0b0   Data          16  testevt.o(.constdata)
    testevt3                                 0x0800d0c0   Data          16  testevt.o(.constdata)
    patternevt                               0x0800d0d0   Data          16  testevt.o(.constdata)
    testheap1                                0x0800d0e0   Data          16  testheap.o(.constdata)
    patternheap                              0x0800d0f0   Data           8  testheap.o(.constdata)
    testmbox1                                0x0800d0f8   Data          16  testmbox.o(.constdata)
    patternmbox                              0x0800d108   Data           8  testmbox.o(.constdata)
    testmsg1                                 0x0800d110   Data          16  testmsg.o(.constdata)
    patternmsg                               0x0800d120   Data           8  testmsg.o(.constdata)
    testmtx1                                 0x0800d128   Data          16  testmtx.o(.constdata)
    testmtx2                                 0x0800d138   Data          16  testmtx.o(.constdata)
    testmtx3                                 0x0800d148   Data          16  testmtx.o(.constdata)
    testmtx4                                 0x0800d158   Data          16  testmtx.o(.constdata)
    testmtx5                                 0x0800d168   Data          16  testmtx.o(.constdata)
    testmtx6                                 0x0800d178   Data          16  testmtx.o(.constdata)
    testmtx7                                 0x0800d188   Data          16  testmtx.o(.constdata)
    testmtx8                                 0x0800d198   Data          16  testmtx.o(.constdata)
    patternmtx                               0x0800d1a8   Data          36  testmtx.o(.constdata)
    testpools1                               0x0800d1cc   Data          16  testpools.o(.constdata)
    patternpools                             0x0800d1dc   Data           8  testpools.o(.constdata)
    testqueues1                              0x0800d1e4   Data          16  testqueues.o(.constdata)
    testqueues2                              0x0800d1f4   Data          16  testqueues.o(.constdata)
    patternqueues                            0x0800d204   Data          12  testqueues.o(.constdata)
    testsem1                                 0x0800d210   Data          16  testsem.o(.constdata)
    testsem2                                 0x0800d220   Data          16  testsem.o(.constdata)
    testsem3                                 0x0800d230   Data          16  testsem.o(.constdata)
    testsem4                                 0x0800d240   Data          16  testsem.o(.constdata)
    patternsem                               0x0800d250   Data          20  testsem.o(.constdata)
    testthd1                                 0x0800d264   Data          16  testthd.o(.constdata)
    testthd2                                 0x0800d274   Data          16  testthd.o(.constdata)
    testthd3                                 0x0800d284   Data          16  testthd.o(.constdata)
    testthd4                                 0x0800d294   Data          16  testthd.o(.constdata)
    patternthd                               0x0800d2a4   Data          20  testthd.o(.constdata)
    Region$$Table$$Base                      0x0800e0c0   Number         0  anon$$obj.o(Region$$Table)
    Region$$Table$$Limit                     0x0800e0e0   Number         0  anon$$obj.o(Region$$Table)
    SHT$$INIT_ARRAY$$Base                    0x0800e0e0   Number         0  main.o(.init_array)
    SHT$$INIT_ARRAY$$Limit                   0x0800e0e4   Number         0  main.o(.init_array)
    I2Cdev::readTimeout                      0x20000000   Data           2  i2cdev.o(.data)
    txbuf_global                             0x20000002   Data           1  i2cdev.o(.data)
    rxbuf_global                             0x20000003   Data           2  i2cdev.o(.data)
    test_timer_done                          0x2000005c   Data           4  test.o(.data)
    dmpReady                                 0x20000110   Data           1  main.o(.data)
    mpuInterrupt                             0x20000111   Data           1  main.o(.data)
    mpuIntStatus                             0x20000144   Data           1  main.o(.data)
    devStatus                                0x20000145   Data           1  main.o(.data)
    packetSize                               0x20000146   Data           2  main.o(.data)
    fifoCount                                0x20000148   Data           2  main.o(.data)
    aa                                       0x2000014a   Data           6  main.o(.data)
    aaReal                                   0x20000150   Data           6  main.o(.data)
    aaWorld                                  0x20000156   Data           6  main.o(.data)
    rlist                                    0x20000180   Data          32  chschd.o(.bss)
    _idle_thread_wa                          0x200001e8   Data         192  chsys.o(.bss)
    vtlist                                   0x200002a8   Data          16  chvt.o(.bss)
    ADCD1                                    0x200002b8   Data          52  adc_lld.o(.bss)
    ADCD2                                    0x200002ec   Data          52  adc_lld.o(.bss)
    ADCD3                                    0x20000320   Data          52  adc_lld.o(.bss)
    PWMD4                                    0x20000354   Data          20  pwm_lld.o(.bss)
    SD2                                      0x20000368   Data         116  serial_lld.o(.bss)
    SPID1                                    0x200003dc   Data          48  spi_lld.o(.bss)
    SPID2                                    0x2000040c   Data          48  spi_lld.o(.bss)
    I2CD1                                    0x200004bc   Data          52  i2c_lld.o(.bss)
    test                                     0x20000500   Data        1520  test.o(.bss)
    threads                                  0x20000af0   Data          20  test.o(.bss)
    mpu                                      0x20000be0   Data          20  main.o(.bss)
    fifoBuffer                               0x20000bf4   Data          64  main.o(.bss)
    q                                        0x20000c34   Data          16  main.o(.bss)
    gravity                                  0x20000c44   Data          12  main.o(.bss)
    euler                                    0x20000c50   Data          12  main.o(.bss)
    ypr                                      0x20000c5c   Data          12  main.o(.bss)
    __libspace_start                         0x20000da8   Data          96  libspace.o(.bss)
    __main_thread_stack_base__               0x20000e08   Data           0  cstartup.o(CSTACK)
    __temporary_stack_top$libspace           0x20000e08   Data           0  libspace.o(.bss)
    __initial_sp                             0x20001208   Data           0  cstartup.o(CSTACK)
    Image$$RW_IRAM1$$ZI$$Limit               0x20001a08   Number         0  cstartup.o(MSTACK)
    __initial_msp                            0x20001a08   Data           0  cstartup.o(MSTACK)
    Image$$RW_IRAM2$$Base                    0x20020000   Number         0  anon$$obj.o(linker$$defined$$symbols)



==============================================================================

Memory Map of the image

  Image Entry point : 0x08000189

  Load Region LR_IROM1 (Base: 0x08000000, Size: 0x0000e240, Max: 0x00100000, ABSOLUTE, COMPRESSED[0x0000e17c])

    Execution Region ER_IROM1 (Base: 0x08000000, Size: 0x0000e0e4, Max: 0x00100000, ABSOLUTE)

    Base Addr    Size         Type   Attr      Idx    E Section Name        Object

    0x08000000   0x00000188   Data   RO          548    RESET               vectors.o
    0x08000188   0x00000008   Code   RO         1576  * !!!main             c_w.l(__main.o)
    0x08000190   0x00000034   Code   RO         1854    !!!scatter          c_w.l(__scatter.o)
    0x080001c4   0x0000005a   Code   RO         1852    !!dczerorl2         c_w.l(__dczerorl2.o)
    0x0800021e   0x00000002   PAD
    0x08000220   0x0000001c   Code   RO         1856    !!handler_zi        c_w.l(__scatter_zi.o)
    0x0800023c   0x00000006   Code   RO         1789    .ARM.Collect$$libinit$$00000000  c_w.l(libinit.o)
    0x08000242   0x00000008   Code   RO         1672    .ARM.Collect$$libinit$$00000001  c_w.l(libinit2.o)
    0x0800024a   0x00000000   Code   RO         1674    .ARM.Collect$$libinit$$00000006  c_w.l(libinit2.o)
    0x0800024a   0x00000000   Code   RO         1676    .ARM.Collect$$libinit$$00000008  c_w.l(libinit2.o)
    0x0800024a   0x00000000   Code   RO         1678    .ARM.Collect$$libinit$$0000000A  c_w.l(libinit2.o)
    0x0800024a   0x00000000   Code   RO         1681    .ARM.Collect$$libinit$$0000000D  c_w.l(libinit2.o)
    0x0800024a   0x00000000   Code   RO         1683    .ARM.Collect$$libinit$$0000000F  c_w.l(libinit2.o)
    0x0800024a   0x00000000   Code   RO         1685    .ARM.Collect$$libinit$$00000011  c_w.l(libinit2.o)
    0x0800024a   0x00000000   Code   RO         1687    .ARM.Collect$$libinit$$00000013  c_w.l(libinit2.o)
    0x0800024a   0x00000000   Code   RO         1689    .ARM.Collect$$libinit$$00000015  c_w.l(libinit2.o)
    0x0800024a   0x00000000   Code   RO         1691    .ARM.Collect$$libinit$$00000017  c_w.l(libinit2.o)
    0x0800024a   0x00000000   Code   RO         1693    .ARM.Collect$$libinit$$00000019  c_w.l(libinit2.o)
    0x0800024a   0x00000000   Code   RO         1695    .ARM.Collect$$libinit$$0000001B  c_w.l(libinit2.o)
    0x0800024a   0x00000000   Code   RO         1697    .ARM.Collect$$libinit$$0000001D  c_w.l(libinit2.o)
    0x0800024a   0x00000000   Code   RO         1699    .ARM.Collect$$libinit$$0000001F  c_w.l(libinit2.o)
    0x0800024a   0x00000000   Code   RO         1701    .ARM.Collect$$libinit$$00000021  c_w.l(libinit2.o)
    0x0800024a   0x00000000   Code   RO         1705    .ARM.Collect$$libinit$$00000028  c_w.l(libinit2.o)
    0x0800024a   0x00000000   Code   RO         1707    .ARM.Collect$$libinit$$0000002A  c_w.l(libinit2.o)
    0x0800024a   0x00000000   Code   RO         1709    .ARM.Collect$$libinit$$0000002C  c_w.l(libinit2.o)
    0x0800024a   0x00000004   Code   RO         1710    .ARM.Collect$$libinit$$0000002D  c_w.l(libinit2.o)
    0x0800024e   0x00000000   Code   RO         1711    .ARM.Collect$$libinit$$0000002E  c_w.l(libinit2.o)
    0x0800024e   0x00000002   Code   RO         1712    .ARM.Collect$$libinit$$0000002F  c_w.l(libinit2.o)
    0x08000250   0x00000002   Code   RO         1848    .ARM.Collect$$libshutdown$$00000000  c_w.l(libshutdown.o)
    0x08000252   0x00000000   Code   RO         1804    .ARM.Collect$$libshutdown$$00000003  c_w.l(libshutdown2.o)
    0x08000252   0x00000000   Code   RO         1807    .ARM.Collect$$libshutdown$$00000006  c_w.l(libshutdown2.o)
    0x08000252   0x00000000   Code   RO         1810    .ARM.Collect$$libshutdown$$00000009  c_w.l(libshutdown2.o)
    0x08000252   0x00000000   Code   RO         1812    .ARM.Collect$$libshutdown$$0000000B  c_w.l(libshutdown2.o)
    0x08000252   0x00000000   Code   RO         1815    .ARM.Collect$$libshutdown$$0000000E  c_w.l(libshutdown2.o)
    0x08000252   0x00000002   Code   RO         1816    .ARM.Collect$$libshutdown$$0000000F  c_w.l(libshutdown2.o)
    0x08000254   0x00000000   Code   RO         1634    .ARM.Collect$$rtentry$$00000000  c_w.l(rtentry.o)
    0x08000254   0x00000000   Code   RO         1724    .ARM.Collect$$rtentry$$00000002  c_w.l(rtentry2.o)
    0x08000254   0x00000004   Code   RO         1738    .ARM.Collect$$rtentry$$00000005  c_w.l(rtentry5.o)
    0x08000258   0x00000000   Code   RO         1726    .ARM.Collect$$rtentry$$00000009  c_w.l(rtentry2.o)
    0x08000258   0x00000004   Code   RO         1727    .ARM.Collect$$rtentry$$0000000A  c_w.l(rtentry2.o)
    0x0800025c   0x00000000   Code   RO         1729    .ARM.Collect$$rtentry$$0000000C  c_w.l(rtentry2.o)
    0x0800025c   0x00000008   Code   RO         1730    .ARM.Collect$$rtentry$$0000000D  c_w.l(rtentry2.o)
    0x08000264   0x00000004   Code   RO         1739    .ARM.Collect$$rtentry$$00002716  c_w.l(rtentry5.o)
    0x08000268   0x00000002   Code   RO         1792    .ARM.Collect$$rtexit$$00000000  c_w.l(rtexit.o)
    0x0800026a   0x00000000   Code   RO         1822    .ARM.Collect$$rtexit$$00000002  c_w.l(rtexit2.o)
    0x0800026a   0x00000004   Code   RO         1823    .ARM.Collect$$rtexit$$00000003  c_w.l(rtexit2.o)
    0x0800026e   0x00000006   Code   RO         1824    .ARM.Collect$$rtexit$$00000004  c_w.l(rtexit2.o)
    0x08000274   0x00000000   Code   RO         1750    .emb_text           c_w.l(maybetermalloc1.o)
    0x08000274   0x0000000a   Code   RO            2    .text               board.o
    0x0800027e   0x00000002   PAD
    0x08000280   0x000021e0   Code   RO          242    .text               mpu6050.o
    0x08002460   0x000002d0   Code   RO          491    .text               i2cdev.o
    0x08002730   0x00000050   Code   RO          516    .text               cstartup.o
    0x08002780   0x00000024   Code   RO          520    .text               chcoreasm_v7m.o
    0x080027a4   0x00000006   Code   RO          524    .text               chcore.o
    0x080027aa   0x00000002   PAD
    0x080027ac   0x000000f8   Code   RO          536    .text               chcore_v7m.o
    0x080028a4   0x00000002   Code   RO          549    .text               vectors.o
    0x080028a6   0x00000002   PAD
    0x080028a8   0x000000ec   Code   RO          553    .text               nvic.o
    0x08002994   0x0000016c   Code   RO          565    .text               chcond.o
    0x08002b00   0x0000013a   Code   RO          586    .text               chdynamic.o
    0x08002c3a   0x00000002   PAD
    0x08002c3c   0x00000350   Code   RO          598    .text               chevents.o
    0x08002f8c   0x000001ac   Code   RO          610    .text               chheap.o
    0x08003138   0x0000026a   Code   RO          630    .text               chmboxes.o
    0x080033a2   0x00000002   PAD
    0x080033a4   0x00000080   Code   RO          642    .text               chmemcore.o
    0x08003424   0x00000080   Code   RO          657    .text               chmempools.o
    0x080034a4   0x000000bc   Code   RO          669    .text               chmsg.o
    0x08003560   0x00000254   Code   RO          684    .text               chmtx.o
    0x080037b4   0x00000354   Code   RO          699    .text               chqueues.o
    0x08003b08   0x00000058   Code   RO          711    .text               chregistry.o
    0x08003b60   0x0000019c   Code   RO          723    .text               chschd.o
    0x08003cfc   0x00000214   Code   RO          744    .text               chsem.o
    0x08003f10   0x000000f4   Code   RO          759    .text               chsys.o
    0x08004004   0x00000258   Code   RO          777    .text               chthreads.o
    0x0800425c   0x000000a8   Code   RO          792    .text               chvt.o
    0x08004304   0x0000019c   Code   RO          811    .text               adc.o
    0x080044a0   0x00000074   Code   RO          838    .text               hal.o
    0x08004514   0x000000c4   Code   RO          870    .text               pwm.o
    0x080045d8   0x000001e4   Code   RO          886    .text               serial.o
    0x080047bc   0x00000250   Code   RO          904    .text               spi.o
    0x08004a0c   0x0000015c   Code   RO          920    .text               i2c.o
    0x08004b68   0x000005dc   Code   RO          936    .text               adc_lld.o
    0x08005144   0x00000200   Code   RO          958    .text               hal_lld.o
    0x08005344   0x000001ac   Code   RO          974    .text               pal_lld.o
    0x080054f0   0x00000288   Code   RO          990    .text               pwm_lld.o
    0x08005778   0x00000278   Code   RO         1015    .text               serial_lld.o
    0x080059f0   0x0000042c   Code   RO         1038    .text               spi_lld.o
    0x08005e1c   0x00000418   Code   RO         1061    .text               stm32_dma.o
    0x08006234   0x00000790   Code   RO         1097    .text               i2c_lld.o
    0x080069c4   0x00000674   Code   RO         1119    .text               test.o
    0x08007038   0x00000964   Code   RO         1186    .text               testbmk.o
    0x0800799c   0x000003d0   Code   RO         1207    .text               testdyn.o
    0x08007d6c   0x00000490   Code   RO         1223    .text               testevt.o
    0x080081fc   0x00000298   Code   RO         1239    .text               testheap.o
    0x08008494   0x00000838   Code   RO         1255    .text               testmbox.o
    0x08008ccc   0x000000ac   Code   RO         1271    .text               testmsg.o
    0x08008d78   0x00000a34   Code   RO         1286    .text               testmtx.o
    0x080097ac   0x000000b0   Code   RO         1302    .text               testpools.o
    0x0800985c   0x0000069c   Code   RO         1318    .text               testqueues.o
    0x08009ef8   0x00000518   Code   RO         1334    .text               testsem.o
    0x0800a410   0x000003c0   Code   RO         1350    .text               testthd.o
    0x0800a7d0   0x000017f0   Code   RO         1366    .text               main.o
    0x0800bfc0   0x00000304   Code   RO         1501    .text               chprintf.o
    0x0800c2c4   0x0000005e   Code   RO         1520    .text               c_w.l(h1_alloc.o)
    0x0800c322   0x00000006   Code   RO         1574    .text               c_w.l(heapauxi.o)
    0x0800c328   0x00000024   Code   RO         1581    .text               c_w.l(init_aeabi.o)
    0x0800c34c   0x00000008   Code   RO         1638    .text               c_w.l(rt_heap_descriptor_intlibspace.o)
    0x0800c354   0x00000004   Code   RO         1640    .text               c_w.l(hguard.o)
    0x0800c358   0x0000008a   Code   RO         1642    .text               c_w.l(init_alloc.o)
    0x0800c3e2   0x0000000e   Code   RO         1648    .text               c_w.l(h1_init.o)
    0x0800c3f0   0x0000004e   Code   RO         1650    .text               c_w.l(h1_free.o)
    0x0800c43e   0x00000016   Code   RO         1666    .text               c_w.l(_rserrno.o)
    0x0800c454   0x00000008   Code   RO         1746    .text               c_w.l(rt_errno_addr_intlibspace.o)
    0x0800c45c   0x00000034   Code   RO         1752    .text               c_w.l(h1_extend.o)
    0x0800c490   0x0000000e   Code   RO         1756    .text               c_w.l(defsig_rtmem_outer.o)
    0x0800c49e   0x00000002   Code   RO         1765    .text               c_w.l(use_no_semi.o)
    0x0800c4a0   0x00000000   Code   RO         1767    .text               c_w.l(indicate_semi.o)
    0x0800c4a0   0x0000000c   Code   RO         1774    .text               c_w.l(exit.o)
    0x0800c4ac   0x0000000a   Code   RO         1776    .text               c_w.l(defsig_exit.o)
    0x0800c4b6   0x00000002   PAD
    0x0800c4b8   0x00000050   Code   RO         1778    .text               c_w.l(defsig_rtmem_inner.o)
    0x0800c508   0x0000000c   Code   RO         1790    .text               c_w.l(sys_exit.o)
    0x0800c514   0x00000032   Code   RO         1800    .text               c_w.l(defsig_general.o)
    0x0800c546   0x0000000e   Code   RO         1819    .text               c_w.l(sys_wrch.o)
    0x0800c554   0x000000f4   Code   RO         1391    i._ZN10Quaternion10getProductES_  main.o
    0x0800c648   0x00000012   Code   RO         1385    i._ZN10QuaternionC1Effff  main.o
    0x0800c65a   0x00000002   PAD
    0x0800c65c   0x00000108   Code   RO         1403    i._ZN11VectorInt166rotateEP10Quaternion  main.o
    0x0800c764   0x0000000c   Code   RO         1397    i._ZN11VectorInt16C1Ev  main.o
    0x0800c770   0x00000018   Code   RO         1421    i._ZSt4atanf        main.o
    0x0800c788   0x00000018   Code   RO         1415    i._ZSt4sqrtf        main.o
    0x0800c7a0   0x00000020   Code   RO         1409    i._ZSt5atan2ff      main.o
    0x0800c7c0   0x00000026   Code   RO         1714    i.__ARM_fpclassifyf  m_wm.l(fpclassifyf.o)
    0x0800c7e6   0x00000002   PAD
    0x0800c7e8   0x00000124   Code   RO         1584    i.__hardfp_asinf    m_wm.l(asinf.o)
    0x0800c90c   0x00000248   Code   RO         1596    i.__hardfp_atan2f   m_wm.l(atan2f.o)
    0x0800cb54   0x00000164   Code   RO         1608    i.__hardfp_atanf    m_wm.l(atanf.o)
    0x0800ccb8   0x0000003a   Code   RO         1620    i.__hardfp_sqrtf    m_wm.l(sqrtf.o)
    0x0800ccf2   0x00000002   PAD
    0x0800ccf4   0x00000010   Code   RO         1716    i.__mathlib_flt_underflow  m_wm.l(funder.o)
    0x0800cd04   0x0000003e   Code   RO         1622    i.sqrtf             m_wm.l(sqrtf.o)
    0x0800cd42   0x0000000a   Code   RO         1817    x$fpl$fpinit        fz_wm.l(fpinit.o)
    0x0800cd4c   0x00000000   Code   RO         1713    x$fpl$usenofp       fz_wm.l(usenofp.o)
    0x0800cd4c   0x000000fc   Data   RO            3    .constdata          board.o
    0x0800ce48   0x00000024   Data   RO          887    .constdata          serial.o
    0x0800ce6c   0x0000000c   Data   RO         1017    .constdata          serial_lld.o
    0x0800ce78   0x000000c0   Data   RO         1063    .constdata          stm32_dma.o
    0x0800cf38   0x00000014   Data   RO         1121    .constdata          test.o
    0x0800cf4c   0x00000108   Data   RO         1188    .constdata          testbmk.o
    0x0800d054   0x00000040   Data   RO         1209    .constdata          testdyn.o
    0x0800d094   0x0000004c   Data   RO         1224    .constdata          testevt.o
    0x0800d0e0   0x00000018   Data   RO         1241    .constdata          testheap.o
    0x0800d0f8   0x00000018   Data   RO         1256    .constdata          testmbox.o
    0x0800d110   0x00000018   Data   RO         1272    .constdata          testmsg.o
    0x0800d128   0x000000a4   Data   RO         1287    .constdata          testmtx.o
    0x0800d1cc   0x00000018   Data   RO         1303    .constdata          testpools.o
    0x0800d1e4   0x0000002c   Data   RO         1319    .constdata          testqueues.o
    0x0800d210   0x00000054   Data   RO         1335    .constdata          testsem.o
    0x0800d264   0x00000054   Data   RO         1351    .constdata          testthd.o
    0x0800d2b8   0x00000964   Data   RO         1369    .constdata          main.o
    0x0800dc1c   0x0000018c   Data   RO         1189    .conststring        testbmk.o
    0x0800dda8   0x0000007f   Data   RO         1210    .conststring        testdyn.o
    0x0800de27   0x0000004e   Data   RO         1225    .conststring        testevt.o
    0x0800de75   0x00000028   Data   RO         1242    .conststring        testheap.o
    0x0800de9d   0x00000020   Data   RO         1257    .conststring        testmbox.o
    0x0800debd   0x0000000f   Data   RO         1273    .conststring        testmsg.o
    0x0800decc   0x000000e2   Data   RO         1288    .conststring        testmtx.o
    0x0800dfae   0x0000001c   Data   RO         1304    .conststring        testpools.o
    0x0800dfca   0x0000002b   Data   RO         1320    .conststring        testqueues.o
    0x0800dff5   0x0000006a   Data   RO         1336    .conststring        testsem.o
    0x0800e05f   0x0000005f   Data   RO         1352    .conststring        testthd.o
    0x0800e0be   0x00000002   PAD
    0x0800e0c0   0x00000020   Data   RO         1849    Region$$Table       anon$$obj.o
    0x0800e0e0   0x00000004   Data   RO         1371    .init_array         main.o


    Execution Region RW_IRAM1 (Base: 0x20000000, Size: 0x00001a08, Max: 0x00020000, ABSOLUTE, COMPRESSED[0x00000098])

    Base Addr    Size         Type   Attr      Idx    E Section Name        Object

    0x20000000   0x00000005   Data   RW          493    .data               i2cdev.o
    0x20000005   0x00000003   PAD
    0x20000008   0x00000008   Data   RW          643    .data               chmemcore.o
    0x20000010   0x00000004   Data   RW         1040    .data               spi_lld.o
    0x20000014   0x00000004   Data   RW         1064    .data               stm32_dma.o
    0x20000018   0x00000048   Data   RW         1122    .data               test.o
    0x20000060   0x00000008   Data   RW         1226    .data               testevt.o
    0x20000068   0x00000028   Data   RW         1258    .data               testmbox.o
    0x20000090   0x00000028   Data   RW         1289    .data               testmtx.o
    0x200000b8   0x0000000c   Data   RW         1305    .data               testpools.o
    0x200000c4   0x00000040   Data   RW         1321    .data               testqueues.o
    0x20000104   0x0000000c   Data   RW         1337    .data               testsem.o
    0x20000110   0x0000004c   Data   RW         1370    .data               main.o
    0x2000015c   0x00000004   PAD
    0x20000160   0x00000020   Zero   RW          611    .bss                chheap.o
    0x20000180   0x00000020   Zero   RW          724    .bss                chschd.o
    0x200001a0   0x00000108   Zero   RW          760    .bss                chsys.o
    0x200002a8   0x00000010   Zero   RW          793    .bss                chvt.o
    0x200002b8   0x0000009c   Zero   RW          937    .bss                adc_lld.o
    0x20000354   0x00000014   Zero   RW          991    .bss                pwm_lld.o
    0x20000368   0x00000074   Zero   RW         1016    .bss                serial_lld.o
    0x200003dc   0x00000060   Zero   RW         1039    .bss                spi_lld.o
    0x2000043c   0x00000080   Zero   RW         1062    .bss                stm32_dma.o
    0x200004bc   0x00000034   Zero   RW         1098    .bss                i2c_lld.o
    0x200004f0   0x00000628   Zero   RW         1120    .bss                test.o
    0x20000b18   0x00000074   Zero   RW         1187    .bss                testbmk.o
    0x20000b8c   0x00000004   PAD
    0x20000b90   0x0000002c   Zero   RW         1208    .bss                testdyn.o
    0x20000bbc   0x00000004   PAD
    0x20000bc0   0x00000020   Zero   RW         1240    .bss                testheap.o
    0x20000be0   0x000001c8   Zero   RW         1368    .bss                main.o
    0x20000da8   0x00000060   Zero   RW         1721    .bss                c_w.l(libspace.o)
    0x20000e08   0x00000400   Zero   RW          514    CSTACK              cstartup.o
    0x20001208   0x00000400   Zero   RW          515    HEAP                cstartup.o
    0x20001608   0x00000400   Zero   RW          513    MSTACK              cstartup.o


    Execution Region RW_IRAM2 (Base: 0x20020000, Size: 0x00000000, Max: 0x00000001, ABSOLUTE)

    Base Addr    Size         Type   Attr      Idx    E Section Name        Object

    0x20020000   0x00000000   Data   RO         1851    linker$$defined$$symbols  anon$$obj.o


==============================================================================

Image component sizes


      Code (inc. data)   RO Data    RW Data    ZI Data      Debug   Object Name

       412          4          0          0          0       7079   adc.o
      1500         74          0          0        156       7062   adc_lld.o
        10          0        252          0          0     266042   board.o
       364          4          0          0          0       3901   chcond.o
         6          0          0          0          0        484   chcore.o
       248         26          0          0          0       1595   chcore_v7m.o
        36          0          0          0          0        544   chcoreasm_v7m.o
       314          0          0          0          0       2517   chdynamic.o
       848          6          0          0          0       5767   chevents.o
       428          8          0          0         32       2588   chheap.o
       618          0          0          0          0       4186   chmboxes.o
       128         16          0          8          0       1902   chmemcore.o
       128          0          0          0          0       1953   chmempools.o
       188          6          0          0          0       2099   chmsg.o
       596          4          0          0          0       4276   chmtx.o
       772          8          0          0          0       2583   chprintf.o
       852          4          0          0          0       5007   chqueues.o
        88          6          0          0          0        991   chregistry.o
       412          8          0          0         32       4449   chschd.o
       532          6          0          0          0       4821   chsem.o
       244         32          0          0        264       1638   chsys.o
       600         12          0          0          0       4795   chthreads.o
       168          6          0          0         16       2823   chvt.o
        80         32          0          0       3072        500   cstartup.o
       116          8          0          0          0       1164   hal.o
       512         68          0          0          0       1032   hal_lld.o
       348          0          0          0          0       3363   i2c.o
      1936         60          0          0         52       8591   i2c_lld.o
       720         16          0          5          0       5260   i2cdev.o
      6746        372       2408         76        456      46332   main.o
      8672         42          0          0          0     315564   mpu6050.o
       236         16          0          0          0       1058   nvic.o
       428         44          0          0          0       2154   pal_lld.o
       196          0          0          0          0       2192   pwm.o
       648         22          0          0         20       4402   pwm_lld.o
       484          4         36          0          0       4456   serial.o
       632         40         12          0        116       3954   serial_lld.o
       592          6          0          0          0       4617   spi.o
      1068         60          0          4         96       4409   spi_lld.o
      1048         36        192          4        128       9590   stm32_dma.o
      1652        508         20         72       1576       6978   test.o
      2404        378        660          0        116       7058   testbmk.o
       976         60        191          0         44       2568   testdyn.o
      1168         44        154          8          0       3040   testevt.o
       664          8         64          0         32       1512   testheap.o
      2104         24         56         40          0       3248   testmbox.o
       172         22         39          0          0       1338   testmsg.o
      2612        174        390         40          0       6525   testmtx.o
       176         12         52         12          0       1458   testpools.o
      1692         60         87         64          0       4088   testqueues.o
      1304         78        190         12          0       3273   testsem.o
       960         50        179          0          0       2125   testthd.o
         2          0        392          0          0        456   vectors.o

    ----------------------------------------------------------------------
     49852       2474       5408        348       6220     801407   Object Totals
         0          0         32          0          0          0   (incl. Generated)
        12          0          2          3         12          0   (incl. Padding)

    ----------------------------------------------------------------------

      Code (inc. data)   RO Data    RW Data    ZI Data      Debug   Library Member Name

        90          0          0          0          0          0   __dczerorl2.o
         8          0          0          0          0         68   __main.o
        52          8          0          0          0          0   __scatter.o
        28          0          0          0          0          0   __scatter_zi.o
        22          0          0          0          0        100   _rserrno.o
        10          0          0          0          0         68   defsig_exit.o
        50          0          0          0          0         88   defsig_general.o
        80         58          0          0          0         76   defsig_rtmem_inner.o
        14          0          0          0          0         80   defsig_rtmem_outer.o
        12          0          0          0          0         72   exit.o
        94          0          0          0          0         80   h1_alloc.o
        52          0          0          0          0         68   h1_extend.o
        78          0          0          0          0         80   h1_free.o
        14          0          0          0          0         84   h1_init.o
         6          0          0          0          0        152   heapauxi.o
         4          0          0          0          0        136   hguard.o
         0          0          0          0          0          0   indicate_semi.o
        36         10          0          0          0         80   init_aeabi.o
       138          0          0          0          0        168   init_alloc.o
         6          0          0          0          0          0   libinit.o
        14          0          0          0          0          0   libinit2.o
         2          0          0          0          0          0   libshutdown.o
         2          0          0          0          0          0   libshutdown2.o
         0          0          0          0         96          0   libspace.o
         0          0          0          0          0          0   maybetermalloc1.o
         8          4          0          0          0         68   rt_errno_addr_intlibspace.o
         8          4          0          0          0         68   rt_heap_descriptor_intlibspace.o
         0          0          0          0          0          0   rtentry.o
        12          0          0          0          0          0   rtentry2.o
         8          4          0          0          0          0   rtentry5.o
         2          0          0          0          0          0   rtexit.o
        10          0          0          0          0          0   rtexit2.o
        12          4          0          0          0         68   sys_exit.o
        14          0          0          0          0         76   sys_wrch.o
         2          0          0          0          0         68   use_no_semi.o
        10          0          0          0          0        116   fpinit.o
         0          0          0          0          0          0   usenofp.o
       292         42          0          0          0        180   asinf.o
       584         98          0          0          0        176   atan2f.o
       356         66          0          0          0        164   atanf.o
        38          0          0          0          0        116   fpclassifyf.o
        16          6          0          0          0        116   funder.o
       120          0          0          0          0        272   sqrtf.o

    ----------------------------------------------------------------------
      2312        304          0          0         96       2888   Library Totals
         8          0          0          0          0          0   (incl. Padding)

    ----------------------------------------------------------------------

      Code (inc. data)   RO Data    RW Data    ZI Data      Debug   Library Name

       888         92          0          0         96       1748   c_w.l
        10          0          0          0          0        116   fz_wm.l
      1406        212          0          0          0       1024   m_wm.l

    ----------------------------------------------------------------------
      2312        304          0          0         96       2888   Library Totals

    ----------------------------------------------------------------------

==============================================================================


      Code (inc. data)   RO Data    RW Data    ZI Data      Debug   

     52164       2778       5408        348       6316     793107   Grand Totals
     52164       2778       5408        152       6316     793107   ELF Image Totals (compressed)
     52164       2778       5408        152          0          0   ROM Totals

==============================================================================

    Total RO  Size (Code + RO Data)                57572 (  56.22kB)
    Total RW  Size (RW Data + ZI Data)              6664 (   6.51kB)
    Total ROM Size (Code + RO Data + RW Data)      57724 (  56.37kB)

==============================================================================

