ARM Linker, 4.1 [Build 791] [Standard]

==============================================================================

Section Cross References

    board.o(.text) refers to hal_lld.o(.text) for stm32_clock_init
    mpu6050.o(.text) refers to i2cdev.o(.text) for I2Cdev::writeBit(unsigned char, unsigned char, unsigned char, unsigned char)
    mpu6050.o(.text) refers to i2cdev.o(.data) for I2Cdev::readTimeout
    mpu6050.o(.ARM.exidx) refers to mpu6050.o(.text) for .text
    i2cdev.o(.ARM.exidx) refers to i2cdev.o(.text) for .text
    cstartup.o(MSTACK) refers (Special) to heapauxi.o(.text) for __use_two_region_memory
    cstartup.o(CSTACK) refers (Special) to heapauxi.o(.text) for __use_two_region_memory
    cstartup.o(HEAP) refers (Special) to heapauxi.o(.text) for __use_two_region_memory
    cstartup.o(.text) refers (Special) to heapauxi.o(.text) for __use_two_region_memory
    cstartup.o(.text) refers to board.o(.text) for __early_init
    cstartup.o(.text) refers to cstartup.o(CSTACK) for __initial_sp
    cstartup.o(.text) refers to __main.o(!!!main) for __main
    cstartup.o(.text) refers to cstartup.o(HEAP) for Heap_Mem
    chcoreasm_v7m.o(.text) refers to chthreads.o(.text) for chThdExit
    chcoreasm_v7m.o(.text) refers to chschd.o(.text) for chSchDoReschedule
    chcore_v7m.o(.text) refers to chsys.o(.text) for chSysTimerHandlerI
    chcore_v7m.o(.text) refers to nvic.o(.text) for nvicSetSystemHandlerPriority
    chcore_v7m.o(.text) refers to chschd.o(.bss) for rlist
    chcore_v7m.o(.text) refers to chcoreasm_v7m.o(.text) for _port_switch_from_isr
    vectors.o(RESET) refers to cstartup.o(MSTACK) for __initial_msp
    vectors.o(RESET) refers to cstartup.o(.text) for Reset_Handler
    vectors.o(RESET) refers to vectors.o(.text) for NMIVector
    vectors.o(RESET) refers to chcore_v7m.o(.text) for SVCallVector
    vectors.o(RESET) refers to stm32_dma.o(.text) for Vector6C
    vectors.o(RESET) refers to adc_lld.o(.text) for Vector88
    vectors.o(RESET) refers to pwm_lld.o(.text) for VectorB8
    vectors.o(RESET) refers to i2c_lld.o(.text) for VectorBC
    vectors.o(RESET) refers to serial_lld.o(.text) for VectorD8
    chcond.o(.text) refers to chschd.o(.text) for chSchWakeupS
    chcond.o(.text) refers to chmtx.o(.text) for chMtxUnlockS
    chcond.o(.text) refers to chschd.o(.bss) for rlist
    chdynamic.o(.text) refers to chmempools.o(.text) for chPoolFree
    chdynamic.o(.text) refers to chheap.o(.text) for chHeapFree
    chdynamic.o(.text) refers to chthreads.o(.text) for chThdCreateI
    chdynamic.o(.text) refers to chschd.o(.text) for chSchWakeupS
    chevents.o(.text) refers to chschd.o(.text) for chSchReadyI
    chevents.o(.text) refers to chschd.o(.bss) for rlist
    chheap.o(.text) refers to chmtx.o(.text) for chMtxInit
    chheap.o(.text) refers to chmemcore.o(.text) for chCoreAlloc
    chheap.o(.text) refers to chheap.o(.bss) for .bss
    chmboxes.o(.text) refers to chsem.o(.text) for chSemInit
    chmboxes.o(.text) refers to chschd.o(.text) for chSchRescheduleS
    chmemcore.o(.text) refers to chmemcore.o(.data) for .data
    chmsg.o(.text) refers to chschd.o(.text) for chSchReadyI
    chmsg.o(.text) refers to chschd.o(.bss) for rlist
    chmtx.o(.text) refers to chschd.o(.text) for chSchReadyI
    chmtx.o(.text) refers to chschd.o(.bss) for rlist
    chqueues.o(.text) refers to chschd.o(.text) for chSchReadyI
    chqueues.o(.text) refers to chschd.o(.bss) for rlist
    chregistry.o(.text) refers to chdynamic.o(.text) for chThdRelease
    chregistry.o(.text) refers to chschd.o(.bss) for rlist
    chschd.o(.text) refers to chcoreasm_v7m.o(.text) for _port_switch
    chschd.o(.text) refers to chvt.o(.text) for chVTSetI
    chschd.o(.text) refers to chschd.o(.bss) for .bss
    chsem.o(.text) refers to chschd.o(.text) for chSchReadyI
    chsem.o(.text) refers to chschd.o(.bss) for rlist
    chsys.o(.text) refers to chcore_v7m.o(.text) for _port_init
    chsys.o(.text) refers to chschd.o(.text) for _scheduler_init
    chsys.o(.text) refers to chvt.o(.text) for _vt_init
    chsys.o(.text) refers to chmemcore.o(.text) for _core_init
    chsys.o(.text) refers to chheap.o(.text) for _heap_init
    chsys.o(.text) refers to chthreads.o(.text) for _thread_init
    chsys.o(.text) refers to chschd.o(.bss) for rlist
    chsys.o(.text) refers to chsys.o(.bss) for .bss
    chsys.o(.text) refers to chvt.o(.bss) for vtlist
    chthreads.o(.text) refers to chschd.o(.text) for chSchWakeupS
    chthreads.o(.text) refers to chdynamic.o(.text) for chThdRelease
    chthreads.o(.text) refers to chschd.o(.bss) for rlist
    chthreads.o(.text) refers to chcoreasm_v7m.o(.text) for _port_thread_start
    chthreads.o(.text) refers to chvt.o(.bss) for vtlist
    chvt.o(.text) refers to chvt.o(.bss) for .bss
    adc.o(.text) refers to adc_lld.o(.text) for adc_lld_init
    adc.o(.text) refers to chmtx.o(.text) for chMtxInit
    adc.o(.text) refers to chschd.o(.text) for chSchWakeupS
[...]
    .constdata                               0x0800809c   Section       12  serial_lld.o(.constdata)
    default_config                           0x0800809c   Data          12  serial_lld.o(.constdata)
    .constdata                               0x080080a8   Section      192  stm32_dma.o(.constdata)
    .constdata                               0x08008168   Section       20  test.o(.constdata)
    .constdata                               0x0800817c   Section       16  testbmk.o(.constdata)
    .constdata                               0x0800818c   Section       16  testbmk.o(.constdata)
    .constdata                               0x0800819c   Section       16  testbmk.o(.constdata)
    .constdata                               0x080081ac   Section       16  testbmk.o(.constdata)
    .constdata                               0x080081bc   Section       16  testbmk.o(.constdata)
    .constdata                               0x080081cc   Section       16  testbmk.o(.constdata)
    .constdata                               0x080081dc   Section       16  testbmk.o(.constdata)
    .constdata                               0x080081ec   Section       16  testbmk.o(.constdata)
    .constdata                               0x080081fc   Section       16  testbmk.o(.constdata)
    .constdata                               0x0800820c   Section       16  testbmk.o(.constdata)
    .constdata                               0x0800821c   Section       16  testbmk.o(.constdata)
    .constdata                               0x0800822c   Section       16  testbmk.o(.constdata)
    .constdata                               0x0800823c   Section       16  testbmk.o(.constdata)
    .constdata                               0x0800824c   Section       56  testbmk.o(.constdata)
    .constdata                               0x08008284   Section       16  testdyn.o(.constdata)
    .constdata                               0x08008294   Section       16  testdyn.o(.constdata)
    .constdata                               0x080082a4   Section       16  testdyn.o(.constdata)
    .constdata                               0x080082b4   Section       16  testdyn.o(.constdata)
    .constdata                               0x080082c4   Section       12  testevt.o(.constdata)
    evhndl                                   0x080082c4   Data          12  testevt.o(.constdata)
    .constdata                               0x080082d0   Section       16  testevt.o(.constdata)
    .constdata                               0x080082e0   Section       16  testevt.o(.constdata)
    .constdata                               0x080082f0   Section       16  testevt.o(.constdata)
    .constdata                               0x08008300   Section       16  testevt.o(.constdata)
    .constdata                               0x08008310   Section       16  testheap.o(.constdata)
    .constdata                               0x08008320   Section        8  testheap.o(.constdata)
    .constdata                               0x08008328   Section       16  testmbox.o(.constdata)
    .constdata                               0x08008338   Section        8  testmbox.o(.constdata)
    .constdata                               0x08008340   Section       16  testmsg.o(.constdata)
    .constdata                               0x08008350   Section        8  testmsg.o(.constdata)
    .constdata                               0x08008358   Section       16  testmtx.o(.constdata)
    .constdata                               0x08008368   Section       16  testmtx.o(.constdata)
    .constdata                               0x08008378   Section       16  testmtx.o(.constdata)
    .constdata                               0x08008388   Section       16  testmtx.o(.constdata)
    .constdata                               0x08008398   Section       16  testmtx.o(.constdata)
    .constdata                               0x080083a8   Section       16  testmtx.o(.constdata)
    .constdata                               0x080083b8   Section       16  testmtx.o(.constdata)
    .constdata                               0x080083c8   Section       16  testmtx.o(.constdata)
    .constdata                               0x080083d8   Section       36  testmtx.o(.constdata)
    .constdata                               0x080083fc   Section       16  testpools.o(.constdata)
    .constdata                               0x0800840c   Section        8  testpools.o(.constdata)
    .constdata                               0x08008414   Section       16  testqueues.o(.constdata)
    .constdata                               0x08008424   Section       16  testqueues.o(.constdata)
    .constdata                               0x08008434   Section       12  testqueues.o(.constdata)
    .constdata                               0x08008440   Section       16  testsem.o(.constdata)
    .constdata                               0x08008450   Section       16  testsem.o(.constdata)
    .constdata                               0x08008460   Section       16  testsem.o(.constdata)
    .constdata                               0x08008470   Section       16  testsem.o(.constdata)
    .constdata                               0x08008480   Section       20  testsem.o(.constdata)
    .constdata                               0x08008494   Section       16  testthd.o(.constdata)
    .constdata                               0x080084a4   Section       16  testthd.o(.constdata)
    .constdata                               0x080084b4   Section       16  testthd.o(.constdata)
    .constdata                               0x080084c4   Section       16  testthd.o(.constdata)
    .constdata                               0x080084d4   Section       20  testthd.o(.constdata)
    .constdata                               0x080084e8   Section       80  main.o(.constdata)
    adcgrpcfg                                0x080084e8   Data          44  main.o(.constdata)
    spi1cfg                                  0x08008514   Data          12  main.o(.constdata)
    spi2cfg                                  0x08008520   Data          12  main.o(.constdata)
    i2cfg1                                   0x0800852c   Data          12  main.o(.constdata)
    .conststring                             0x08008538   Section       23  testbmk.o(.conststring)
    .conststring                             0x0800854f   Section       23  testbmk.o(.conststring)
    .conststring                             0x08008566   Section       23  testbmk.o(.conststring)
    .conststring                             0x0800857d   Section       26  testbmk.o(.conststring)
    .conststring                             0x08008597   Section       31  testbmk.o(.conststring)
    .conststring                             0x080085b6   Section       32  testbmk.o(.conststring)
    .conststring                             0x080085d6   Section       38  testbmk.o(.conststring)
    .conststring                             0x080085fc   Section       41  testbmk.o(.conststring)
    .conststring                             0x08008625   Section       33  testbmk.o(.conststring)
    .conststring                             0x08008646   Section       36  testbmk.o(.conststring)
    .conststring                             0x0800866a   Section       34  testbmk.o(.conststring)
    .conststring                             0x0800868c   Section       31  testbmk.o(.conststring)
    .conststring                             0x080086ab   Section       25  testbmk.o(.conststring)
    .conststring                             0x080086c4   Section       41  testdyn.o(.conststring)
    .conststring                             0x080086ed   Section       48  testdyn.o(.conststring)
    .conststring                             0x0800871d   Section       38  testdyn.o(.conststring)
    .conststring                             0x08008743   Section       34  testevt.o(.conststring)
    .conststring                             0x08008765   Section       27  testevt.o(.conststring)
    .conststring                             0x08008780   Section       17  testevt.o(.conststring)
    .conststring                             0x08008791   Section       40  testheap.o(.conststring)
    .conststring                             0x080087b9   Section       32  testmbox.o(.conststring)
    .conststring                             0x080087d9   Section       15  testmsg.o(.conststring)
    .conststring                             0x080087e8   Section       33  testmtx.o(.conststring)
    .conststring                             0x08008809   Section       43  testmtx.o(.conststring)
    .conststring                             0x08008834   Section       44  testmtx.o(.conststring)
    .conststring                             0x08008860   Section       25  testmtx.o(.conststring)
    .conststring                             0x08008879   Section       16  testmtx.o(.conststring)
    .conststring                             0x08008889   Section       21  testmtx.o(.conststring)
    .conststring                             0x0800889e   Section       24  testmtx.o(.conststring)
    .conststring                             0x080088b6   Section       20  testmtx.o(.conststring)
    .conststring                             0x080088ca   Section       28  testpools.o(.conststring)
    .conststring                             0x080088e6   Section       21  testqueues.o(.conststring)
    .conststring                             0x080088fb   Section       22  testqueues.o(.conststring)
    .conststring                             0x08008911   Section       22  testsem.o(.conststring)
    .conststring                             0x08008927   Section       20  testsem.o(.conststring)
    .conststring                             0x0800893b   Section       31  testsem.o(.conststring)
    .conststring                             0x0800895a   Section       33  testsem.o(.conststring)
    .conststring                             0x0800897b   Section       27  testthd.o(.conststring)
    .conststring                             0x08008996   Section       27  testthd.o(.conststring)
    .conststring                             0x080089b1   Section       25  testthd.o(.conststring)
    .conststring                             0x080089ca   Section       16  testthd.o(.conststring)
    .data                                    0x20000000   Section        8  chmemcore.o(.data)
    nextmem                                  0x20000000   Data           4  chmemcore.o(.data)
    endmem                                   0x20000004   Data           4  chmemcore.o(.data)
    .data                                    0x20000008   Section        4  spi_lld.o(.data)
    dummytx                                  0x20000008   Data           2  spi_lld.o(.data)
    dummyrx                                  0x2000000a   Data           2  spi_lld.o(.data)
    .data                                    0x2000000c   Section        4  stm32_dma.o(.data)
    dma_streams_mask                         0x2000000c   Data           4  stm32_dma.o(.data)
    .data                                    0x20000010   Section       72  test.o(.data)
    local_fail                               0x20000010   Data           4  test.o(.data)
    global_fail                              0x20000014   Data           4  test.o(.data)
    failpoint                                0x20000018   Data           4  test.o(.data)
    tokp                                     0x2000001c   Data           4  test.o(.data)
    chp                                      0x20000020   Data           4  test.o(.data)
    patterns                                 0x20000028   Data          48  test.o(.data)
    .data                                    0x20000058   Section        8  testevt.o(.data)
    es1                                      0x20000058   Data           4  testevt.o(.data)
    es2                                      0x2000005c   Data           4  testevt.o(.data)
    .data                                    0x20000060   Section       40  testmbox.o(.data)
    mb1                                      0x20000060   Data          40  testmbox.o(.data)
    .data                                    0x20000088   Section       40  testmtx.o(.data)
    c1                                       0x20000088   Data           8  testmtx.o(.data)
    m1                                       0x20000090   Data          16  testmtx.o(.data)
    m2                                       0x200000a0   Data          16  testmtx.o(.data)
    .data                                    0x200000b0   Section       12  testpools.o(.data)
    mp1                                      0x200000b0   Data          12  testpools.o(.data)
    .data                                    0x200000bc   Section       64  testqueues.o(.data)
    iq                                       0x200000bc   Data          32  testqueues.o(.data)
    oq                                       0x200000dc   Data          32  testqueues.o(.data)
    .data                                    0x200000fc   Section       12  testsem.o(.data)
    sem1                                     0x200000fc   Data          12  testsem.o(.data)
    .data                                    0x20000108   Section       48  main.o(.data)
    pwmcfg                                   0x20000108   Data          48  main.o(.data)
    .data                                    0x20000138   Section        4  lis302dl.o(.data)
    txbuf                                    0x20000138   Data           2  lis302dl.o(.data)
    rxbuf                                    0x2000013a   Data           2  lis302dl.o(.data)
    .bss                                     0x20000140   Section       32  chheap.o(.bss)
    default_heap                             0x20000140   Data          32  chheap.o(.bss)
    .bss                                     0x20000160   Section       32  chschd.o(.bss)
    .bss                                     0x20000180   Section      264  chsys.o(.bss)
    mainthread                               0x20000180   Data          72  chsys.o(.bss)
    .bss                                     0x20000288   Section       16  chvt.o(.bss)
    .bss                                     0x20000298   Section      156  adc_lld.o(.bss)
    .bss                                     0x20000334   Section       20  pwm_lld.o(.bss)
    .bss                                     0x20000348   Section      116  serial_lld.o(.bss)
    .bss                                     0x200003bc   Section       96  spi_lld.o(.bss)
    .bss                                     0x2000041c   Section      128  stm32_dma.o(.bss)
    dma_isr_redir                            0x2000041c   Data         128  stm32_dma.o(.bss)
    .bss                                     0x2000049c   Section       52  i2c_lld.o(.bss)
    .bss                                     0x200004d0   Section       56  test.o(.bss)
    tokens_buffer                            0x200004d0   Data          16  test.o(.bss)
    vt                                       0x200004f4   Data          20  test.o(.bss)
    .bss                                     0x20000508   Section     1520  test.o(.bss)
    .bss                                     0x20000af8   Section      116  testbmk.o(.bss)
    ib                                       0x20000af8   Data          16  testbmk.o(.bss)
    iq                                       0x20000b08   Data          32  testbmk.o(.bss)
    vt1                                      0x20000b28   Data          20  testbmk.o(.bss)
    vt2                                      0x20000b3c   Data          20  testbmk.o(.bss)
    sem1                                     0x20000b50   Data          12  testbmk.o(.bss)
    mtx1                                     0x20000b5c   Data          16  testbmk.o(.bss)
    .bss                                     0x20000b70   Section       44  testdyn.o(.bss)
    heap1                                    0x20000b70   Data          32  testdyn.o(.bss)
    mp1                                      0x20000b90   Data          12  testdyn.o(.bss)
    .bss                                     0x20000ba0   Section       32  testheap.o(.bss)
    test_heap                                0x20000ba0   Data          32  testheap.o(.bss)
    .bss                                     0x20000bc0   Section      320  main.o(.bss)
    samples                                  0x20000bc0   Data          16  main.o(.bss)
    waThread1                                0x20000bd0   Data         304  main.o(.bss)
    CSTACK                                   0x20000d00   Section     1024  cstartup.o(CSTACK)
    proc_stack_mem                           0x20000d00   Data        1024  cstartup.o(CSTACK)
    HEAP                                     0x20001100   Section     1024  cstartup.o(HEAP)
    Heap_Mem                                 0x20001100   Data        1024  cstartup.o(HEAP)
    MSTACK                                   0x20001500   Section     1024  cstartup.o(MSTACK)

    Global Symbols

    Symbol Name                              Value     Ov Type        Size  Object(Section)

    BuildAttributes$$THM_ISAv4$E$P$D$K$B$S$7EM$VFPi3$EXTD16$VFPS$VFMA$PE$A:L22UL41UL21$X:L11$S22US41US21$IEEE1$IW$USESV6$~STKCKD$USESV7$~SHL$OTIME$ROPI$EBA8$UX$STANDARDLIB$REQ8$PRES8$EABIv2 0x00000000   Number         0  anon$$obj.o ABSOLUTE
    __ARM_use_no_argv                        0x00000000   Number         0  main.o ABSOLUTE
    __ARM_exceptions_init                     - Undefined Weak Reference
    __alloca_initialize                       - Undefined Weak Reference
    __cpp_initialize__aeabi_                  - Undefined Weak Reference
    __cxa_finalize                            - Undefined Weak Reference
    __rt_locale                               - Undefined Weak Reference
    __sigvec_lookup                           - Undefined Weak Reference
    _atexit_init                              - Undefined Weak Reference
    _call_atexit_fns                          - Undefined Weak Reference
    _clock_init                               - Undefined Weak Reference
    _fp_trap_init                             - Undefined Weak Reference
    _fp_trap_shutdown                         - Undefined Weak Reference
    _get_lc_collate                           - Undefined Weak Reference
    _get_lc_ctype                             - Undefined Weak Reference
    _get_lc_monetary                          - Undefined Weak Reference
    _get_lc_numeric                           - Undefined Weak Reference
    _get_lc_time                              - Undefined Weak Reference
    _getenv_init                              - Undefined Weak Reference
    _handle_redirection                       - Undefined Weak Reference
    _init_alloc                               - Undefined Weak Reference
    _init_user_alloc                          - Undefined Weak Reference
    _initio                                   - Undefined Weak Reference
    _rand_init                                - Undefined Weak Reference
    _signal_finish                            - Undefined Weak Reference
    _signal_init                              - Undefined Weak Reference
    _terminate_alloc                          - Undefined Weak Reference
    _terminate_user_alloc                     - Undefined Weak Reference
    _terminateio                              - Undefined Weak Reference
    __Vectors                                0x08000000   Data           0  vectors.o(RESET)
    __main                                   0x08000189   Thumb Code     8  __main.o(!!!main)
    __scatterload                            0x08000191   Thumb Code     0  __scatter.o(!!!scatter)
    __scatterload_rt2                        0x08000191   Thumb Code    44  __scatter.o(!!!scatter)
    __scatterload_rt2_thumb_only             0x08000191   Thumb Code     0  __scatter.o(!!!scatter)
    __scatterload_null                       0x0800019f   Thumb Code     0  __scatter.o(!!!scatter)
    __decompress                             0x080001c5   Thumb Code    90  __dczerorl2.o(!!dczerorl2)
    __decompress1                            0x080001c5   Thumb Code     0  __dczerorl2.o(!!dczerorl2)
    __scatterload_zeroinit                   0x08000221   Thumb Code    28  __scatter_zi.o(!!handler_zi)
    __rt_lib_init                            0x0800023d   Thumb Code     0  libinit.o(.ARM.Collect$$libinit$$00000000)
    __rt_lib_init_alloca_1                   0x08000243   Thumb Code     0  libinit2.o(.ARM.Collect$$libinit$$0000002A)
    __rt_lib_init_argv_1                     0x08000243   Thumb Code     0  libinit2.o(.ARM.Collect$$libinit$$00000028)
    __rt_lib_init_atexit_1                   0x08000243   Thumb Code     0  libinit2.o(.ARM.Collect$$libinit$$00000017)
    __rt_lib_init_clock_1                    0x08000243   Thumb Code     0  libinit2.o(.ARM.Collect$$libinit$$0000001D)
    __rt_lib_init_cpp_1                      0x08000243   Thumb Code     0  libinit2.o(.ARM.Collect$$libinit$$0000002E)
    __rt_lib_init_exceptions_1               0x08000243   Thumb Code     0  libinit2.o(.ARM.Collect$$libinit$$0000002C)
    __rt_lib_init_fp_trap_1                  0x08000243   Thumb Code     0  libinit2.o(.ARM.Collect$$libinit$$0000001B)
    __rt_lib_init_getenv_1                   0x08000243   Thumb Code     0  libinit2.o(.ARM.Collect$$libinit$$0000001F)
    __rt_lib_init_heap_1                     0x08000243   Thumb Code     0  libinit2.o(.ARM.Collect$$libinit$$00000006)
    __rt_lib_init_lc_collate_1               0x08000243   Thumb Code     0  libinit2.o(.ARM.Collect$$libinit$$0000000D)
    __rt_lib_init_lc_ctype_1                 0x08000243   Thumb Code     0  libinit2.o(.ARM.Collect$$libinit$$0000000F)
    __rt_lib_init_lc_monetary_1              0x08000243   Thumb Code     0  libinit2.o(.ARM.Collect$$libinit$$00000011)
    __rt_lib_init_lc_numeric_1               0x08000243   Thumb Code     0  libinit2.o(.ARM.Collect$$libinit$$00000013)
    __rt_lib_init_lc_time_1                  0x08000243   Thumb Code     0  libinit2.o(.ARM.Collect$$libinit$$00000015)
    __rt_lib_init_rand_1                     0x08000243   Thumb Code     0  libinit2.o(.ARM.Collect$$libinit$$0000000A)
    __rt_lib_init_return                     0x08000243   Thumb Code     0  libinit2.o(.ARM.Collect$$libinit$$0000002F)
    __rt_lib_init_signal_1                   0x08000243   Thumb Code     0  libinit2.o(.ARM.Collect$$libinit$$00000019)
    __rt_lib_init_stdio_1                    0x08000243   Thumb Code     0  libinit2.o(.ARM.Collect$$libinit$$00000021)
    __rt_lib_init_user_alloc_1               0x08000243   Thumb Code     0  libinit2.o(.ARM.Collect$$libinit$$00000008)
    __rt_lib_shutdown                        0x08000245   Thumb Code     0  libshutdown.o(.ARM.Collect$$libshutdown$$00000000)
    __rt_lib_shutdown_fp_trap_1              0x08000247   Thumb Code     0  libshutdown2.o(.ARM.Collect$$libshutdown$$00000006)
    __rt_lib_shutdown_heap_1                 0x08000247   Thumb Code     0  libshutdown2.o(.ARM.Collect$$libshutdown$$0000000E)
    __rt_lib_shutdown_return                 0x08000247   Thumb Code     0  libshutdown2.o(.ARM.Collect$$libshutdown$$0000000F)
    __rt_lib_shutdown_signal_1               0x08000247   Thumb Code     0  libshutdown2.o(.ARM.Collect$$libshutdown$$00000009)
    __rt_lib_shutdown_stdio_1                0x08000247   Thumb Code     0  libshutdown2.o(.ARM.Collect$$libshutdown$$00000003)
    __rt_lib_shutdown_user_alloc_1           0x08000247   Thumb Code     0  libshutdown2.o(.ARM.Collect$$libshutdown$$0000000B)
    __rt_entry                               0x08000249   Thumb Code     0  rtentry.o(.ARM.Collect$$rtentry$$00000000)
    __rt_entry_presh_1                       0x08000249   Thumb Code     0  rtentry2.o(.ARM.Collect$$rtentry$$00000002)
    __rt_entry_sh                            0x08000249   Thumb Code     0  rtentry5.o(.ARM.Collect$$rtentry$$00000005)
    __rt_entry_li                            0x0800024d   Thumb Code     0  rtentry2.o(.ARM.Collect$$rtentry$$0000000A)
    __rt_entry_postsh_1                      0x0800024d   Thumb Code     0  rtentry2.o(.ARM.Collect$$rtentry$$00000009)
    __rt_entry_main                          0x08000251   Thumb Code     0  rtentry2.o(.ARM.Collect$$rtentry$$0000000D)
    __rt_entry_postli_1                      0x08000251   Thumb Code     0  rtentry2.o(.ARM.Collect$$rtentry$$0000000C)
    __rt_exit                                0x0800025d   Thumb Code     0  rtexit.o(.ARM.Collect$$rtexit$$00000000)
    __rt_exit_ls                             0x0800025f   Thumb Code     0  rtexit2.o(.ARM.Collect$$rtexit$$00000003)
    __rt_exit_prels_1                        0x0800025f   Thumb Code     0  rtexit2.o(.ARM.Collect$$rtexit$$00000002)
    __rt_exit_exit                           0x08000263   Thumb Code     0  rtexit2.o(.ARM.Collect$$rtexit$$00000004)
    __early_init                             0x08000269   Thumb Code     4  board.o(.text)
    boardInit                                0x0800026d   Thumb Code     2  board.o(.text)
    Reset_Handler                            0x08000271   Thumb Code    36  cstartup.o(.text)
    __user_initial_stackheap                 0x08000299   Thumb Code     0  cstartup.o(.text)
    _port_switch                             0x080002c1   Thumb Code    16  chcoreasm_v7m.o(.text)
    _port_thread_start                       0x080002d1   Thumb Code    14  chcoreasm_v7m.o(.text)
    _port_switch_from_isr                    0x080002df   Thumb Code     6  chcoreasm_v7m.o(.text)
    _port_exit_from_isr                      0x080002e3   Thumb Code     0  chcoreasm_v7m.o(.text)
    port_halt                                0x080002e5   Thumb Code     4  chcore.o(.text)
    _port_irq_epilogue                       0x080002e9   Thumb Code    78  chcore_v7m.o(.text)
    SysTickVector                            0x08000337   Thumb Code    92  chcore_v7m.o(.text)
    SVCallVector                             0x08000393   Thumb Code    18  chcore_v7m.o(.text)
    _port_init                               0x080003a5   Thumb Code    44  chcore_v7m.o(.text)
    BusFaultVector                           0x080003e9   Thumb Code     0  vectors.o(.text)
    DebugMonitorVector                       0x080003e9   Thumb Code     0  vectors.o(.text)
    HardFaultVector                          0x080003e9   Thumb Code     0  vectors.o(.text)
    MemManageVector                          0x080003e9   Thumb Code     0  vectors.o(.text)
    NMIVector                                0x080003e9   Thumb Code     0  vectors.o(.text)
    PendSVVector                             0x080003e9   Thumb Code     0  vectors.o(.text)
    UsageFaultVector                         0x080003e9   Thumb Code     0  vectors.o(.text)
    Vector100                                0x080003e9   Thumb Code     0  vectors.o(.text)
    Vector104                                0x080003e9   Thumb Code     0  vectors.o(.text)
    Vector108                                0x080003e9   Thumb Code     0  vectors.o(.text)
    Vector10C                                0x080003e9   Thumb Code     0  vectors.o(.text)
    Vector110                                0x080003e9   Thumb Code     0  vectors.o(.text)
    Vector114                                0x080003e9   Thumb Code     0  vectors.o(.text)
    Vector118                                0x080003e9   Thumb Code     0  vectors.o(.text)
    Vector11C                                0x080003e9   Thumb Code     0  vectors.o(.text)
    Vector134                                0x080003e9   Thumb Code     0  vectors.o(.text)
    Vector138                                0x080003e9   Thumb Code     0  vectors.o(.text)
    Vector13C                                0x080003e9   Thumb Code     0  vectors.o(.text)
    Vector140                                0x080003e9   Thumb Code     0  vectors.o(.text)
    Vector144                                0x080003e9   Thumb Code     0  vectors.o(.text)
    Vector148                                0x080003e9   Thumb Code     0  vectors.o(.text)
    Vector14C                                0x080003e9   Thumb Code     0  vectors.o(.text)
    Vector15C                                0x080003e9   Thumb Code     0  vectors.o(.text)
    Vector160                                0x080003e9   Thumb Code     0  vectors.o(.text)
    Vector164                                0x080003e9   Thumb Code     0  vectors.o(.text)
    Vector168                                0x080003e9   Thumb Code     0  vectors.o(.text)
    Vector16C                                0x080003e9   Thumb Code     0  vectors.o(.text)
    Vector170                                0x080003e9   Thumb Code     0  vectors.o(.text)
    Vector174                                0x080003e9   Thumb Code     0  vectors.o(.text)
    Vector178                                0x080003e9   Thumb Code     0  vectors.o(.text)
    Vector17C                                0x080003e9   Thumb Code     0  vectors.o(.text)
    Vector180                                0x080003e9   Thumb Code     0  vectors.o(.text)
    Vector184                                0x080003e9   Thumb Code     0  vectors.o(.text)
    Vector1C                                 0x080003e9   Thumb Code     0  vectors.o(.text)
    Vector20                                 0x080003e9   Thumb Code     0  vectors.o(.text)
    Vector24                                 0x080003e9   Thumb Code     0  vectors.o(.text)
    Vector28                                 0x080003e9   Thumb Code     0  vectors.o(.text)
    Vector34                                 0x080003e9   Thumb Code     0  vectors.o(.text)
    Vector40                                 0x080003e9   Thumb Code     0  vectors.o(.text)
    Vector44                                 0x080003e9   Thumb Code     0  vectors.o(.text)
    Vector48                                 0x080003e9   Thumb Code     0  vectors.o(.text)
    Vector4C                                 0x080003e9   Thumb Code     0  vectors.o(.text)
    Vector50                                 0x080003e9   Thumb Code     0  vectors.o(.text)
    Vector54                                 0x080003e9   Thumb Code     0  vectors.o(.text)
    Vector58                                 0x080003e9   Thumb Code     0  vectors.o(.text)
    Vector5C                                 0x080003e9   Thumb Code     0  vectors.o(.text)
    Vector60                                 0x080003e9   Thumb Code     0  vectors.o(.text)
    Vector64                                 0x080003e9   Thumb Code     0  vectors.o(.text)
    Vector68                                 0x080003e9   Thumb Code     0  vectors.o(.text)
    Vector8C                                 0x080003e9   Thumb Code     0  vectors.o(.text)
    Vector90                                 0x080003e9   Thumb Code     0  vectors.o(.text)
    Vector94                                 0x080003e9   Thumb Code     0  vectors.o(.text)
    Vector98                                 0x080003e9   Thumb Code     0  vectors.o(.text)
    Vector9C                                 0x080003e9   Thumb Code     0  vectors.o(.text)
    VectorA0                                 0x080003e9   Thumb Code     0  vectors.o(.text)
    VectorA4                                 0x080003e9   Thumb Code     0  vectors.o(.text)
    VectorA8                                 0x080003e9   Thumb Code     0  vectors.o(.text)
    VectorAC                                 0x080003e9   Thumb Code     0  vectors.o(.text)
    VectorB0                                 0x080003e9   Thumb Code     0  vectors.o(.text)
    VectorB4                                 0x080003e9   Thumb Code     0  vectors.o(.text)
    VectorC4                                 0x080003e9   Thumb Code     0  vectors.o(.text)
    VectorC8                                 0x080003e9   Thumb Code     0  vectors.o(.text)
    VectorCC                                 0x080003e9   Thumb Code     0  vectors.o(.text)
    VectorD0                                 0x080003e9   Thumb Code     0  vectors.o(.text)
    VectorD4                                 0x080003e9   Thumb Code     0  vectors.o(.text)
    VectorDC                                 0x080003e9   Thumb Code     0  vectors.o(.text)
    VectorE0                                 0x080003e9   Thumb Code     0  vectors.o(.text)
    VectorE4                                 0x080003e9   Thumb Code     0  vectors.o(.text)
    VectorE8                                 0x080003e9   Thumb Code     0  vectors.o(.text)
    VectorEC                                 0x080003e9   Thumb Code     0  vectors.o(.text)
    VectorF0                                 0x080003e9   Thumb Code     0  vectors.o(.text)
    VectorF4                                 0x080003e9   Thumb Code     0  vectors.o(.text)
    VectorF8                                 0x080003e9   Thumb Code     0  vectors.o(.text)
    _unhandled_exception                     0x080003e9   Thumb Code     2  vectors.o(.text)
    nvicEnableVector                         0x080003ed   Thumb Code    64  nvic.o(.text)
    nvicDisableVector                        0x0800042d   Thumb Code    52  nvic.o(.text)
    nvicSetSystemHandlerPriority             0x08000461   Thumb Code    34  nvic.o(.text)
    chCondInit                               0x0800048d   Thumb Code     6  chcond.o(.text)
    chCondSignal                             0x08000493   Thumb Code    36  chcond.o(.text)
    chCondSignalI                            0x080004b7   Thumb Code    28  chcond.o(.text)
    chCondBroadcastI                         0x080004d3   Thumb Code    38  chcond.o(.text)
    chCondBroadcast                          0x080004f9   Thumb Code    54  chcond.o(.text)
    chCondWaitS                              0x0800052f   Thumb Code    62  chcond.o(.text)
    chCondWait                               0x0800056d   Thumb Code    74  chcond.o(.text)
    chCondWaitTimeoutS                       0x080005b7   Thumb Code    70  chcond.o(.text)
    chCondWaitTimeout                        0x080005fd   Thumb Code    82  chcond.o(.text)
    chThdAddRef                              0x08000655   Thumb Code    20  chdynamic.o(.text)
    chThdRelease                             0x08000669   Thumb Code    86  chdynamic.o(.text)
    chThdCreateFromHeap                      0x080006bf   Thumb Code    82  chdynamic.o(.text)
    chThdCreateFromMemoryPool                0x08000711   Thumb Code    62  chdynamic.o(.text)
    chEvtRegisterMask                        0x08000751   Thumb Code    28  chevents.o(.text)
    chEvtUnregister                          0x0800076d   Thumb Code    42  chevents.o(.text)
    chEvtClearFlags                          0x08000797   Thumb Code    32  chevents.o(.text)
    chEvtAddFlags                            0x080007b7   Thumb Code    24  chevents.o(.text)
    chEvtSignalFlagsI                        0x080007cf   Thumb Code    48  chevents.o(.text)
    chEvtSignalFlags                         0x080007ff   Thumb Code    60  chevents.o(.text)
    chEvtBroadcastFlagsI                     0x0800083b   Thumb Code    78  chevents.o(.text)
    chEvtBroadcastFlags                      0x08000889   Thumb Code    88  chevents.o(.text)
    chEvtDispatch                            0x080008e1   Thumb Code    48  chevents.o(.text)
    chEvtWaitOne                             0x08000911   Thumb Code    50  chevents.o(.text)
    chEvtWaitAny                             0x08000943   Thumb Code    46  chevents.o(.text)
    chEvtWaitAll                             0x08000971   Thumb Code    46  chevents.o(.text)
    chEvtWaitOneTimeout                      0x0800099f   Thumb Code    68  chevents.o(.text)
    chEvtWaitAnyTimeout                      0x080009e3   Thumb Code    64  chevents.o(.text)
    chEvtWaitAllTimeout                      0x08000a23   Thumb Code    62  chevents.o(.text)
    _heap_init                               0x08000a65   Thumb Code    18  chheap.o(.text)
    chHeapInit                               0x08000a77   Thumb Code    20  chheap.o(.text)
    chHeapAlloc                              0x08000a8b   Thumb Code   128  chheap.o(.text)
    chHeapFree                               0x08000b0b   Thumb Code   106  chheap.o(.text)
    chHeapStatus                             0x08000b75   Thumb Code    54  chheap.o(.text)
    chMBInit                                 0x08000bb5   Thumb Code    40  chmboxes.o(.text)
    chMBReset                                0x08000bdd   Thumb Code    52  chmboxes.o(.text)
    chMBPostS                                0x08000c11   Thumb Code    54  chmboxes.o(.text)
    chMBPost                                 0x08000c47   Thumb Code    66  chmboxes.o(.text)
    chMBPostI                                0x08000c89   Thumb Code    48  chmboxes.o(.text)
    chMBPostAheadS                           0x08000cb9   Thumb Code    54  chmboxes.o(.text)
    chMBPostAhead                            0x08000cef   Thumb Code    66  chmboxes.o(.text)
    chMBPostAheadI                           0x08000d31   Thumb Code    48  chmboxes.o(.text)
    chMBFetchS                               0x08000d61   Thumb Code    56  chmboxes.o(.text)
    chMBFetch                                0x08000d99   Thumb Code    68  chmboxes.o(.text)
    chMBFetchI                               0x08000ddd   Thumb Code    50  chmboxes.o(.text)
    _core_init                               0x08000e11   Thumb Code    20  chmemcore.o(.text)
    chCoreAllocI                             0x08000e25   Thumb Code    26  chmemcore.o(.text)
    chCoreAlloc                              0x08000e3f   Thumb Code    40  chmemcore.o(.text)
    chCoreStatus                             0x08000e67   Thumb Code    10  chmemcore.o(.text)
    chPoolInit                               0x08000e7d   Thumb Code    16  chmempools.o(.text)
    chPoolAllocI                             0x08000e8d   Thumb Code    28  chmempools.o(.text)
    chPoolAlloc                              0x08000ea9   Thumb Code    40  chmempools.o(.text)
    chPoolFreeI                              0x08000ed1   Thumb Code     8  chmempools.o(.text)
    chPoolFree                               0x08000ed9   Thumb Code    20  chmempools.o(.text)
    chMsgSend                                0x08000eed   Thumb Code    58  chmsg.o(.text)
    chMsgWait                                0x08000f27   Thumb Code    50  chmsg.o(.text)
    chMsgRelease                             0x08000f59   Thumb Code    20  chmsg.o(.text)
    chMtxInit                                0x08000f71   Thumb Code    10  chmtx.o(.text)
    chMtxLockS                               0x08000f7b   Thumb Code   212  chmtx.o(.text)
    chMtxLock                                0x0800104f   Thumb Code    20  chmtx.o(.text)
    chMtxTryLockS                            0x08001063   Thumb Code    30  chmtx.o(.text)
    chMtxTryLock                             0x08001081   Thumb Code    42  chmtx.o(.text)
    chMtxUnlock                              0x080010ab   Thumb Code    86  chmtx.o(.text)
    chMtxUnlockS                             0x08001101   Thumb Code    74  chmtx.o(.text)
    chMtxUnlockAll                           0x0800114b   Thumb Code    72  chmtx.o(.text)
    chIQInit                                 0x08001199   Thumb Code    24  chqueues.o(.text)
    chIQResetI                               0x080011b1   Thumb Code    46  chqueues.o(.text)
    chIQPutI                                 0x080011df   Thumb Code    70  chqueues.o(.text)
    chIQGetTimeout                           0x08001225   Thumb Code   112  chqueues.o(.text)
    chIQReadTimeout                          0x08001295   Thumb Code   148  chqueues.o(.text)
    chOQInit                                 0x08001329   Thumb Code    20  chqueues.o(.text)
    chOQResetI                               0x0800133d   Thumb Code    48  chqueues.o(.text)
    chOQPutTimeout                           0x0800136d   Thumb Code   128  chqueues.o(.text)
    chOQGetI                                 0x080013ed   Thumb Code    68  chqueues.o(.text)
    chOQWriteTimeout                         0x08001431   Thumb Code   148  chqueues.o(.text)
    chRegFirstThread                         0x080014c9   Thumb Code    24  chregistry.o(.text)
    chRegNextThread                          0x080014e1   Thumb Code    40  chregistry.o(.text)
    _scheduler_init                          0x0800150d   Thumb Code    20  chschd.o(.text)
    chSchReadyI                              0x08001521   Thumb Code    30  chschd.o(.text)
    chSchGoSleepS                            0x0800153f   Thumb Code    30  chschd.o(.text)
    chSchGoSleepTimeoutS                     0x080015ab   Thumb Code   100  chschd.o(.text)
    chSchWakeupS                             0x0800160f   Thumb Code    98  chschd.o(.text)
    chSchDoReschedule                        0x08001671   Thumb Code    72  chschd.o(.text)
    chSchRescheduleS                         0x080016b9   Thumb Code    82  chschd.o(.text)
    chSemInit                                0x08001715   Thumb Code     8  chsem.o(.text)
    chSemResetI                              0x0800171d   Thumb Code    42  chsem.o(.text)
    chSemReset                               0x08001747   Thumb Code    58  chsem.o(.text)
    chSemWaitS                               0x08001781   Thumb Code    46  chsem.o(.text)
    chSemWait                                0x080017af   Thumb Code    58  chsem.o(.text)
    chSemWaitTimeoutS                        0x080017e9   Thumb Code    50  chsem.o(.text)
    chSemWaitTimeout                         0x0800181b   Thumb Code    66  chsem.o(.text)
    chSemSignal                              0x0800185d   Thumb Code    42  chsem.o(.text)
    chSemSignalI                             0x08001887   Thumb Code    30  chsem.o(.text)
    chSemAddCounterI                         0x080018a5   Thumb Code    46  chsem.o(.text)
    chSemSignalWait                          0x080018d3   Thumb Code    86  chsem.o(.text)
    _idle_thread                             0x0800192d   Thumb Code    10  chsys.o(.text)
    chSysInit                                0x08001937   Thumb Code    68  chsys.o(.text)
    chSysTimerHandlerI                       0x0800197b   Thumb Code    76  chsys.o(.text)
    _thread_init                             0x080019e9   Thumb Code    52  chthreads.o(.text)
    chThdCreateI                             0x08001a1d   Thumb Code    76  chthreads.o(.text)
    chThdCreateStatic                        0x08001a69   Thumb Code    98  chthreads.o(.text)
    chThdSetPriority                         0x08001acb   Thumb Code    44  chthreads.o(.text)
    chThdResume                              0x08001af7   Thumb Code    28  chthreads.o(.text)
    chThdTerminate                           0x08001b13   Thumb Code    22  chthreads.o(.text)
    chThdSleep                               0x08001b29   Thumb Code    24  chthreads.o(.text)
    chThdSleepUntil                          0x08001b41   Thumb Code    30  chthreads.o(.text)
    chThdYield                               0x08001b5f   Thumb Code    34  chthreads.o(.text)
    chThdExitS                               0x08001b81   Thumb Code    64  chthreads.o(.text)
    chThdExit                                0x08001bc1   Thumb Code    70  chthreads.o(.text)
    chThdWait                                0x08001c07   Thumb Code    50  chthreads.o(.text)
    _vt_init                                 0x08001c45   Thumb Code    18  chvt.o(.text)
    chVTSetI                                 0x08001c57   Thumb Code    56  chvt.o(.text)
    chVTResetI                               0x08001c8f   Thumb Code    34  chvt.o(.text)
    chTimeIsWithin                           0x08001cb1   Thumb Code    34  chvt.o(.text)
    adcInit                                  0x08001cd9   Thumb Code     4  adc.o(.text)
    adcObjectInit                            0x08001cdd   Thumb Code    22  adc.o(.text)
    adcStart                                 0x08001cf3   Thumb Code    30  adc.o(.text)
    adcStop                                  0x08001d11   Thumb Code    28  adc.o(.text)
    adcStartConversionI                      0x08001d2d   Thumb Code    14  adc.o(.text)
    adcStartConversion                       0x08001d3b   Thumb Code    32  adc.o(.text)
    adcStopConversion                        0x08001d5b   Thumb Code    48  adc.o(.text)
    adcStopConversionI                       0x08001d8b   Thumb Code    50  adc.o(.text)
    adcConvert                               0x08001dbd   Thumb Code    50  adc.o(.text)
    adcAcquireBus                            0x08001def   Thumb Code     6  adc.o(.text)
    adcReleaseBus                            0x08001df5   Thumb Code     4  adc.o(.text)
    halInit                                  0x08001dfd   Thumb Code    40  hal.o(.text)
    halIsCounterWithin                       0x08001e25   Thumb Code    34  hal.o(.text)
    halPolledDelay                           0x08001e47   Thumb Code    32  hal.o(.text)
    pwmInit                                  0x08001e71   Thumb Code     4  pwm.o(.text)
    pwmObjectInit                            0x08001e75   Thumb Code    10  pwm.o(.text)
    pwmStart                                 0x08001e7f   Thumb Code    34  pwm.o(.text)
    pwmStop                                  0x08001ea1   Thumb Code    28  pwm.o(.text)
    pwmChangePeriod                          0x08001ebd   Thumb Code    24  pwm.o(.text)
    pwmEnableChannel                         0x08001ed5   Thumb Code    20  pwm.o(.text)
    pwmDisableChannel                        0x08001ee9   Thumb Code    20  pwm.o(.text)
    sdInit                                   0x08001f55   Thumb Code     4  serial.o(.text)
    sdObjectInit                             0x08001f59   Thumb Code    58  serial.o(.text)
    sdStart                                  0x08001f93   Thumb Code    28  serial.o(.text)
    sdStop                                   0x08001faf   Thumb Code    48  serial.o(.text)
    sdIncomingDataI                          0x08001fdf   Thumb Code    62  serial.o(.text)
    sdRequestDataI                           0x0800201d   Thumb Code    34  serial.o(.text)
    spiInit                                  0x08002045   Thumb Code     4  spi.o(.text)
    spiObjectInit                            0x08002049   Thumb Code    16  spi.o(.text)
    spiStart                                 0x08002059   Thumb Code    30  spi.o(.text)
    spiStop                                  0x08002077   Thumb Code    34  spi.o(.text)
    spiSelect                                0x08002099   Thumb Code    20  spi.o(.text)
    spiUnselect                              0x080020ad   Thumb Code    20  spi.o(.text)
    spiStartIgnore                           0x080020c1   Thumb Code    24  spi.o(.text)
    spiStartExchange                         0x080020d9   Thumb Code    30  spi.o(.text)
    spiStartSend                             0x080020f7   Thumb Code    24  spi.o(.text)
    spiStartReceive                          0x0800210f   Thumb Code    24  spi.o(.text)
    spiIgnore                                0x08002127   Thumb Code    40  spi.o(.text)
    spiExchange                              0x0800214f   Thumb Code    40  spi.o(.text)
    spiSend                                  0x08002177   Thumb Code    40  spi.o(.text)
    spiReceive                               0x0800219f   Thumb Code    40  spi.o(.text)
    spiAcquireBus                            0x080021c7   Thumb Code     6  spi.o(.text)
    spiReleaseBus                            0x080021cd   Thumb Code     4  spi.o(.text)
    i2cInit                                  0x080021d5   Thumb Code     4  i2c.o(.text)
    i2cObjectInit                            0x080021d9   Thumb Code    14  i2c.o(.text)
    i2cStart                                 0x080021e7   Thumb Code    30  i2c.o(.text)
    i2cStop                                  0x08002205   Thumb Code    28  i2c.o(.text)
    i2cGetErrors                             0x08002221   Thumb Code     4  i2c.o(.text)
    i2cMasterTransmitTimeout                 0x08002225   Thumb Code    68  i2c.o(.text)
    i2cMasterReceiveTimeout                  0x08002269   Thumb Code    50  i2c.o(.text)
    i2cAcquireBus                            0x0800229b   Thumb Code     6  i2c.o(.text)
    i2cReleaseBus                            0x080022a1   Thumb Code     4  i2c.o(.text)
    adc_lld_stop_conversion                  0x080022a5   Thumb Code    54  adc_lld.o(.text)
    Vector88                                 0x080023e1   Thumb Code   286  adc_lld.o(.text)
    adc_lld_init                             0x080024ff   Thumb Code    80  adc_lld.o(.text)
    adc_lld_start                            0x0800254f   Thumb Code   134  adc_lld.o(.text)
    adc_lld_stop                             0x080025d5   Thumb Code    76  adc_lld.o(.text)
    adc_lld_start_conversion                 0x08002621   Thumb Code   142  adc_lld.o(.text)
    adcSTM32EnableTSVREFE                    0x080026af   Thumb Code    12  adc_lld.o(.text)
    adcSTM32DisableTSVREFE                   0x080026bb   Thumb Code    12  adc_lld.o(.text)
    adcSTM32EnableVBATE                      0x080026c7   Thumb Code    12  adc_lld.o(.text)
    adcSTM32DisableVBATE                     0x080026d3   Thumb Code    12  adc_lld.o(.text)
    hal_lld_init                             0x08002729   Thumb Code   162  hal_lld.o(.text)
    stm32_clock_init                         0x080027cb   Thumb Code   154  hal_lld.o(.text)
    _pal_lld_init                            0x080028a9   Thumb Code   354  pal_lld.o(.text)
    _pal_lld_setgroupmode                    0x08002a0b   Thumb Code   174  pal_lld.o(.text)
    VectorB8                                 0x08002ae5   Thumb Code    98  pwm_lld.o(.text)
    pwm_lld_init                             0x08002b47   Thumb Code    16  pwm_lld.o(.text)
    pwm_lld_start                            0x08002b57   Thumb Code   268  pwm_lld.o(.text)
    pwm_lld_stop                             0x08002c63   Thumb Code    50  pwm_lld.o(.text)
    pwm_lld_enable_channel                   0x08002c95   Thumb Code    60  pwm_lld.o(.text)
    pwm_lld_disable_channel                  0x08002cd1   Thumb Code    34  pwm_lld.o(.text)
    VectorD8                                 0x08002d15   Thumb Code   268  serial_lld.o(.text)
    sd_lld_init                              0x08002e21   Thumb Code    20  serial_lld.o(.text)
    sd_lld_start                             0x08002e35   Thumb Code   110  serial_lld.o(.text)
    sd_lld_stop                              0x08002ea3   Thumb Code    42  serial_lld.o(.text)
    spi_lld_init                             0x08002f87   Thumb Code    68  spi_lld.o(.text)
    spi_lld_start                            0x08002fcb   Thumb Code   190  spi_lld.o(.text)
    spi_lld_stop                             0x08003089   Thumb Code    66  spi_lld.o(.text)
    spi_lld_select                           0x080030cb   Thumb Code    16  spi_lld.o(.text)
    spi_lld_unselect                         0x080030db   Thumb Code    16  spi_lld.o(.text)
    spi_lld_ignore                           0x080030eb   Thumb Code    70  spi_lld.o(.text)
    spi_lld_exchange                         0x08003131   Thumb Code    86  spi_lld.o(.text)
    spi_lld_send                             0x08003187   Thumb Code    84  spi_lld.o(.text)
    spi_lld_receive                          0x080031db   Thumb Code    72  spi_lld.o(.text)
    spi_lld_polled_exchange                  0x08003223   Thumb Code    18  spi_lld.o(.text)
    Vector6C                                 0x08003275   Thumb Code    34  stm32_dma.o(.text)
    Vector70                                 0x08003297   Thumb Code    36  stm32_dma.o(.text)
    Vector74                                 0x080032bb   Thumb Code    36  stm32_dma.o(.text)
    Vector78                                 0x080032df   Thumb Code    36  stm32_dma.o(.text)
    Vector7C                                 0x08003303   Thumb Code    34  stm32_dma.o(.text)
    Vector80                                 0x08003325   Thumb Code    36  stm32_dma.o(.text)
    Vector84                                 0x08003349   Thumb Code    36  stm32_dma.o(.text)
    VectorFC                                 0x0800336d   Thumb Code    36  stm32_dma.o(.text)
    Vector120                                0x08003391   Thumb Code    36  stm32_dma.o(.text)
    Vector124                                0x080033b5   Thumb Code    40  stm32_dma.o(.text)
    Vector128                                0x080033dd   Thumb Code    40  stm32_dma.o(.text)
    Vector12C                                0x08003405   Thumb Code    40  stm32_dma.o(.text)
    Vector130                                0x0800342d   Thumb Code    36  stm32_dma.o(.text)
    Vector150                                0x08003451   Thumb Code    40  stm32_dma.o(.text)
    Vector154                                0x08003479   Thumb Code    40  stm32_dma.o(.text)
    Vector158                                0x080034a1   Thumb Code    40  stm32_dma.o(.text)
    dmaInit                                  0x080034c9   Thumb Code    78  stm32_dma.o(.text)
    dmaStreamAllocate                        0x08003517   Thumb Code   178  stm32_dma.o(.text)
    dmaStreamRelease                         0x080035c9   Thumb Code    60  stm32_dma.o(.text)
    VectorBC                                 0x08003747   Thumb Code   176  i2c_lld.o(.text)
    VectorC0                                 0x080037f7   Thumb Code   292  i2c_lld.o(.text)
    i2c_lld_init                             0x0800391b   Thumb Code    28  i2c_lld.o(.text)
    i2c_lld_start                            0x08003937   Thumb Code   328  i2c_lld.o(.text)
    i2c_lld_stop                             0x08003a7f   Thumb Code   142  i2c_lld.o(.text)
    i2c_lld_master_receive_timeout           0x08003b0d   Thumb Code   230  i2c_lld.o(.text)
    i2c_lld_master_transmit_timeout          0x08003bf3   Thumb Code   196  i2c_lld.o(.text)
    test_printn                              0x08003cc1   Thumb Code    94  test.o(.text)
    test_print                               0x08003d1f   Thumb Code    38  test.o(.text)
    test_println                             0x08003d45   Thumb Code    66  test.o(.text)
    test_emit_token                          0x08003d87   Thumb Code    24  test.o(.text)
    _test_fail                               0x08003d9f   Thumb Code    14  test.o(.text)
    _test_assert                             0x08003dad   Thumb Code    22  test.o(.text)
    _test_assert_sequence                    0x08003dc3   Thumb Code    64  test.o(.text)
    _test_assert_time_window                 0x08003e03   Thumb Code    34  test.o(.text)
    test_terminate_threads                   0x08003e25   Thumb Code    28  test.o(.text)
    test_wait_threads                        0x08003e41   Thumb Code    30  test.o(.text)
    test_cpu_pulse                           0x08003e5f   Thumb Code    48  test.o(.text)
    test_wait_tick                           0x08003e8f   Thumb Code    14  test.o(.text)
    test_start_timer                         0x08003ea5   Thumb Code    44  test.o(.text)
    TestThread                               0x08003ed1   Thumb Code  1536  test.o(.text)
    thread4                                  0x080046eb   Thumb Code    32  testbmk.o(.text)
    LDByteWriteI2C                           0x08007605   Thumb Code    62  main.o(.text)
    Setup_MPU6050                            0x08007643   Thumb Code   434  main.o(.text)
    I2CInitialize                            0x080077f5   Thumb Code    50  main.o(.text)
    i2c_scanner1                             0x08007827   Thumb Code    88  main.o(.text)
    readAcc                                  0x0800787f   Thumb Code   100  main.o(.text)
    main                                     0x080078e3   Thumb Code   652  main.o(.text)
    lis302dlReadRegister                     0x08007bc5   Thumb Code    46  lis302dl.o(.text)
    lis302dlWriteRegister                    0x08007bf3   Thumb Code   128  lis302dl.o(.text)
    chprintf                                 0x08007c7d   Thumb Code   714  chprintf.o(.text)
    __use_two_region_memory                  0x08007f51   Thumb Code     2  heapauxi.o(.text)
    __rt_heap_escrow$2region                 0x08007f53   Thumb Code     2  heapauxi.o(.text)
    __rt_heap_expand$2region                 0x08007f55   Thumb Code     2  heapauxi.o(.text)
    exit                                     0x08007f57   Thumb Code    12  exit.o(.text)
    _sys_exit                                0x08007f65   Thumb Code     8  sys_exit.o(.text)
    __I$use$semihosting                      0x08007f71   Thumb Code     0  use_no_semi.o(.text)
    __use_no_semihosting_swi                 0x08007f71   Thumb Code     2  use_no_semi.o(.text)
    __semihosting_library_function           0x08007f73   Thumb Code     0  indicate_semi.o(.text)
    _fp_init                                 0x08007f73   Thumb Code    10  fpinit.o(x$fpl$fpinit)
    __fplib_config_fpu_vfp                   0x08007f7b   Thumb Code     0  fpinit.o(x$fpl$fpinit)
    __fplib_config_pureend_doubles           0x08007f7b   Thumb Code     0  fpinit.o(x$fpl$fpinit)
    pal_default_config                       0x08007f7c   Data         252  board.o(.constdata)
    _stm32_dma_streams                       0x080080a8   Data         192  stm32_dma.o(.constdata)
    wa                                       0x08008168   Data          20  test.o(.constdata)
    testbmk1                                 0x0800817c   Data          16  testbmk.o(.constdata)
    testbmk2                                 0x0800818c   Data          16  testbmk.o(.constdata)
    testbmk3                                 0x0800819c   Data          16  testbmk.o(.constdata)
    testbmk4                                 0x080081ac   Data          16  testbmk.o(.constdata)
    testbmk5                                 0x080081bc   Data          16  testbmk.o(.constdata)
    testbmk6                                 0x080081cc   Data          16  testbmk.o(.constdata)
    testbmk7                                 0x080081dc   Data          16  testbmk.o(.constdata)
    testbmk8                                 0x080081ec   Data          16  testbmk.o(.constdata)
    testbmk9                                 0x080081fc   Data          16  testbmk.o(.constdata)
    testbmk10                                0x0800820c   Data          16  testbmk.o(.constdata)
    testbmk11                                0x0800821c   Data          16  testbmk.o(.constdata)
    testbmk12                                0x0800822c   Data          16  testbmk.o(.constdata)
    testbmk13                                0x0800823c   Data          16  testbmk.o(.constdata)
    patternbmk                               0x0800824c   Data          56  testbmk.o(.constdata)
    testdyn1                                 0x08008284   Data          16  testdyn.o(.constdata)
    testdyn2                                 0x08008294   Data          16  testdyn.o(.constdata)
    testdyn3                                 0x080082a4   Data          16  testdyn.o(.constdata)
    patterndyn                               0x080082b4   Data          16  testdyn.o(.constdata)
    testevt1                                 0x080082d0   Data          16  testevt.o(.constdata)
    testevt2                                 0x080082e0   Data          16  testevt.o(.constdata)
    testevt3                                 0x080082f0   Data          16  testevt.o(.constdata)
    patternevt                               0x08008300   Data          16  testevt.o(.constdata)
    testheap1                                0x08008310   Data          16  testheap.o(.constdata)
    patternheap                              0x08008320   Data           8  testheap.o(.constdata)
    testmbox1                                0x08008328   Data          16  testmbox.o(.constdata)
    patternmbox                              0x08008338   Data           8  testmbox.o(.constdata)
    testmsg1                                 0x08008340   Data          16  testmsg.o(.constdata)
    patternmsg                               0x08008350   Data           8  testmsg.o(.constdata)
    testmtx1                                 0x08008358   Data          16  testmtx.o(.constdata)
    testmtx2                                 0x08008368   Data          16  testmtx.o(.constdata)
    testmtx3                                 0x08008378   Data          16  testmtx.o(.constdata)
    testmtx4                                 0x08008388   Data          16  testmtx.o(.constdata)
    testmtx5                                 0x08008398   Data          16  testmtx.o(.constdata)
    testmtx6                                 0x080083a8   Data          16  testmtx.o(.constdata)
    testmtx7                                 0x080083b8   Data          16  testmtx.o(.constdata)
    testmtx8                                 0x080083c8   Data          16  testmtx.o(.constdata)
    patternmtx                               0x080083d8   Data          36  testmtx.o(.constdata)
    testpools1                               0x080083fc   Data          16  testpools.o(.constdata)
    patternpools                             0x0800840c   Data           8  testpools.o(.constdata)
    testqueues1                              0x08008414   Data          16  testqueues.o(.constdata)
    testqueues2                              0x08008424   Data          16  testqueues.o(.constdata)
    patternqueues                            0x08008434   Data          12  testqueues.o(.constdata)
    testsem1                                 0x08008440   Data          16  testsem.o(.constdata)
    testsem2                                 0x08008450   Data          16  testsem.o(.constdata)
    testsem3                                 0x08008460   Data          16  testsem.o(.constdata)
    testsem4                                 0x08008470   Data          16  testsem.o(.constdata)
    patternsem                               0x08008480   Data          20  testsem.o(.constdata)
    testthd1                                 0x08008494   Data          16  testthd.o(.constdata)
    testthd2                                 0x080084a4   Data          16  testthd.o(.constdata)
    testthd3                                 0x080084b4   Data          16  testthd.o(.constdata)
    testthd4                                 0x080084c4   Data          16  testthd.o(.constdata)
    patternthd                               0x080084d4   Data          20  testthd.o(.constdata)
    Region$$Table$$Base                      0x080089dc   Number         0  anon$$obj.o(Region$$Table)
    Region$$Table$$Limit                     0x080089fc   Number         0  anon$$obj.o(Region$$Table)
    test_timer_done                          0x20000024   Data           4  test.o(.data)
    rlist                                    0x20000160   Data          32  chschd.o(.bss)
    _idle_thread_wa                          0x200001c8   Data         192  chsys.o(.bss)
    vtlist                                   0x20000288   Data          16  chvt.o(.bss)
    ADCD1                                    0x20000298   Data          52  adc_lld.o(.bss)
    ADCD2                                    0x200002cc   Data          52  adc_lld.o(.bss)
    ADCD3                                    0x20000300   Data          52  adc_lld.o(.bss)
    PWMD4                                    0x20000334   Data          20  pwm_lld.o(.bss)
    SD2                                      0x20000348   Data         116  serial_lld.o(.bss)
    SPID1                                    0x200003bc   Data          48  spi_lld.o(.bss)
    SPID2                                    0x200003ec   Data          48  spi_lld.o(.bss)
    I2CD1                                    0x2000049c   Data          52  i2c_lld.o(.bss)
    threads                                  0x200004e0   Data          20  test.o(.bss)
    test                                     0x20000508   Data        1520  test.o(.bss)
    __main_thread_stack_base__               0x20000d00   Data           0  cstartup.o(CSTACK)
    __initial_sp                             0x20001100   Data           0  cstartup.o(CSTACK)
    Image$$RW_IRAM1$$ZI$$Limit               0x20001900   Number         0  cstartup.o(MSTACK)
    __initial_msp                            0x20001900   Data           0  cstartup.o(MSTACK)
    Image$$RW_IRAM2$$Base                    0x20020000   Number         0  anon$$obj.o(linker$$defined$$symbols)



==============================================================================

Memory Map of the image

  Image Entry point : 0x08000189

  Load Region LR_IROM1 (Base: 0x08000000, Size: 0x00008b38, Max: 0x00100000, ABSOLUTE, COMPRESSED[0x00008a8c])

    Execution Region ER_IROM1 (Base: 0x08000000, Size: 0x000089fc, Max: 0x00100000, ABSOLUTE)

    Base Addr    Size         Type   Attr      Idx    E Section Name        Object

    0x08000000   0x00000188   Data   RO          313    RESET               vectors.o
    0x08000188   0x00000008   Code   RO         1276  * !!!main             c_w.l(__main.o)
    0x08000190   0x00000034   Code   RO         1436    !!!scatter          c_w.l(__scatter.o)
    0x080001c4   0x0000005a   Code   RO         1434    !!dczerorl2         c_w.l(__dczerorl2.o)
    0x0800021e   0x00000002   PAD
    0x08000220   0x0000001c   Code   RO         1438    !!handler_zi        c_w.l(__scatter_zi.o)
    0x0800023c   0x00000006   Code   RO         1308    .ARM.Collect$$libinit$$00000000  c_w.l(libinit.o)
    0x08000242   0x00000000   Code   RO         1316    .ARM.Collect$$libinit$$00000006  c_w.l(libinit2.o)
    0x08000242   0x00000000   Code   RO         1318    .ARM.Collect$$libinit$$00000008  c_w.l(libinit2.o)
    0x08000242   0x00000000   Code   RO         1320    .ARM.Collect$$libinit$$0000000A  c_w.l(libinit2.o)
    0x08000242   0x00000000   Code   RO         1323    .ARM.Collect$$libinit$$0000000D  c_w.l(libinit2.o)
    0x08000242   0x00000000   Code   RO         1325    .ARM.Collect$$libinit$$0000000F  c_w.l(libinit2.o)
    0x08000242   0x00000000   Code   RO         1327    .ARM.Collect$$libinit$$00000011  c_w.l(libinit2.o)
    0x08000242   0x00000000   Code   RO         1329    .ARM.Collect$$libinit$$00000013  c_w.l(libinit2.o)
    0x08000242   0x00000000   Code   RO         1331    .ARM.Collect$$libinit$$00000015  c_w.l(libinit2.o)
    0x08000242   0x00000000   Code   RO         1333    .ARM.Collect$$libinit$$00000017  c_w.l(libinit2.o)
    0x08000242   0x00000000   Code   RO         1335    .ARM.Collect$$libinit$$00000019  c_w.l(libinit2.o)
    0x08000242   0x00000000   Code   RO         1337    .ARM.Collect$$libinit$$0000001B  c_w.l(libinit2.o)
    0x08000242   0x00000000   Code   RO         1339    .ARM.Collect$$libinit$$0000001D  c_w.l(libinit2.o)
    0x08000242   0x00000000   Code   RO         1341    .ARM.Collect$$libinit$$0000001F  c_w.l(libinit2.o)
    0x08000242   0x00000000   Code   RO         1343    .ARM.Collect$$libinit$$00000021  c_w.l(libinit2.o)
    0x08000242   0x00000000   Code   RO         1347    .ARM.Collect$$libinit$$00000028  c_w.l(libinit2.o)
    0x08000242   0x00000000   Code   RO         1349    .ARM.Collect$$libinit$$0000002A  c_w.l(libinit2.o)
    0x08000242   0x00000000   Code   RO         1351    .ARM.Collect$$libinit$$0000002C  c_w.l(libinit2.o)
    0x08000242   0x00000000   Code   RO         1353    .ARM.Collect$$libinit$$0000002E  c_w.l(libinit2.o)
    0x08000242   0x00000002   Code   RO         1354    .ARM.Collect$$libinit$$0000002F  c_w.l(libinit2.o)
    0x08000244   0x00000002   Code   RO         1374    .ARM.Collect$$libshutdown$$00000000  c_w.l(libshutdown.o)
    0x08000246   0x00000000   Code   RO         1388    .ARM.Collect$$libshutdown$$00000003  c_w.l(libshutdown2.o)
    0x08000246   0x00000000   Code   RO         1391    .ARM.Collect$$libshutdown$$00000006  c_w.l(libshutdown2.o)
    0x08000246   0x00000000   Code   RO         1394    .ARM.Collect$$libshutdown$$00000009  c_w.l(libshutdown2.o)
    0x08000246   0x00000000   Code   RO         1396    .ARM.Collect$$libshutdown$$0000000B  c_w.l(libshutdown2.o)
    0x08000246   0x00000000   Code   RO         1399    .ARM.Collect$$libshutdown$$0000000E  c_w.l(libshutdown2.o)
    0x08000246   0x00000002   Code   RO         1400    .ARM.Collect$$libshutdown$$0000000F  c_w.l(libshutdown2.o)
    0x08000248   0x00000000   Code   RO         1278    .ARM.Collect$$rtentry$$00000000  c_w.l(rtentry.o)
    0x08000248   0x00000000   Code   RO         1280    .ARM.Collect$$rtentry$$00000002  c_w.l(rtentry2.o)
    0x08000248   0x00000004   Code   RO         1294    .ARM.Collect$$rtentry$$00000005  c_w.l(rtentry5.o)
    0x0800024c   0x00000000   Code   RO         1282    .ARM.Collect$$rtentry$$00000009  c_w.l(rtentry2.o)
    0x0800024c   0x00000004   Code   RO         1283    .ARM.Collect$$rtentry$$0000000A  c_w.l(rtentry2.o)
    0x08000250   0x00000000   Code   RO         1285    .ARM.Collect$$rtentry$$0000000C  c_w.l(rtentry2.o)
    0x08000250   0x00000008   Code   RO         1286    .ARM.Collect$$rtentry$$0000000D  c_w.l(rtentry2.o)
    0x08000258   0x00000004   Code   RO         1295    .ARM.Collect$$rtentry$$00002716  c_w.l(rtentry5.o)
    0x0800025c   0x00000002   Code   RO         1312    .ARM.Collect$$rtexit$$00000000  c_w.l(rtexit.o)
    0x0800025e   0x00000000   Code   RO         1358    .ARM.Collect$$rtexit$$00000002  c_w.l(rtexit2.o)
    0x0800025e   0x00000004   Code   RO         1359    .ARM.Collect$$rtexit$$00000003  c_w.l(rtexit2.o)
    0x08000262   0x00000006   Code   RO         1360    .ARM.Collect$$rtexit$$00000004  c_w.l(rtexit2.o)
    0x08000268   0x00000006   Code   RO            2    .text               board.o
    0x0800026e   0x00000002   PAD
    0x08000270   0x00000050   Code   RO          280    .text               cstartup.o
    0x080002c0   0x00000024   Code   RO          284    .text               chcoreasm_v7m.o
    0x080002e4   0x00000004   Code   RO          288    .text               chcore.o
    0x080002e8   0x00000100   Code   RO          300    .text               chcore_v7m.o
    0x080003e8   0x00000002   Code   RO          314    .text               vectors.o
    0x080003ea   0x00000002   PAD
    0x080003ec   0x000000a0   Code   RO          318    .text               nvic.o
    0x0800048c   0x000001c8   Code   RO          330    .text               chcond.o
    0x08000654   0x000000fa   Code   RO          352    .text               chdynamic.o
    0x0800074e   0x00000002   PAD
    0x08000750   0x00000314   Code   RO          364    .text               chevents.o
    0x08000a64   0x00000150   Code   RO          377    .text               chheap.o
    0x08000bb4   0x0000025a   Code   RO          397    .text               chmboxes.o
    0x08000e0e   0x00000002   PAD
    0x08000e10   0x0000006c   Code   RO          410    .text               chmemcore.o
    0x08000e7c   0x00000070   Code   RO          425    .text               chmempools.o
    0x08000eec   0x00000084   Code   RO          438    .text               chmsg.o
    0x08000f70   0x00000228   Code   RO          453    .text               chmtx.o
    0x08001198   0x00000330   Code   RO          469    .text               chqueues.o
    0x080014c8   0x00000044   Code   RO          481    .text               chregistry.o
    0x0800150c   0x00000208   Code   RO          493    .text               chschd.o
    0x08001714   0x00000218   Code   RO          515    .text               chsem.o
    0x0800192c   0x000000bc   Code   RO          528    .text               chsys.o
    0x080019e8   0x0000025c   Code   RO          546    .text               chthreads.o
    0x08001c44   0x00000094   Code   RO          559    .text               chvt.o
    0x08001cd8   0x00000124   Code   RO          578    .text               adc.o
    0x08001dfc   0x00000074   Code   RO          606    .text               hal.o
    0x08001e70   0x0000008c   Code   RO          639    .text               pwm.o
    0x08001efc   0x00000148   Code   RO          655    .text               serial.o
    0x08002044   0x00000190   Code   RO          673    .text               spi.o
    0x080021d4   0x000000d0   Code   RO          689    .text               i2c.o
    0x080022a4   0x00000484   Code   RO          705    .text               adc_lld.o
    0x08002728   0x00000180   Code   RO          728    .text               hal_lld.o
    0x080028a8   0x0000023c   Code   RO          744    .text               pal_lld.o
    0x08002ae4   0x00000224   Code   RO          760    .text               pwm_lld.o
    0x08002d08   0x000001e4   Code   RO          785    .text               serial_lld.o
    0x08002eec   0x00000388   Code   RO          808    .text               spi_lld.o
    0x08003274   0x000003b4   Code   RO          831    .text               stm32_dma.o
    0x08003628   0x00000698   Code   RO          867    .text               i2c_lld.o
    0x08003cc0   0x00000868   Code   RO          889    .text               test.o
    0x08004528   0x000008f8   Code   RO          958    .text               testbmk.o
    0x08004e20   0x000003d0   Code   RO         1004    .text               testdyn.o
    0x080051f0   0x00000440   Code   RO         1025    .text               testevt.o
    0x08005630   0x00000278   Code   RO         1047    .text               testheap.o
    0x080058a8   0x000005b0   Code   RO         1064    .text               testmbox.o
    0x08005e58   0x00000094   Code   RO         1081    .text               testmsg.o
    0x08005eec   0x00000954   Code   RO         1097    .text               testmtx.o
    0x08006840   0x00000094   Code   RO         1128    .text               testpools.o
    0x080068d4   0x000004b8   Code   RO         1145    .text               testqueues.o
    0x08006d8c   0x00000474   Code   RO         1164    .text               testsem.o
    0x08007200   0x0000033c   Code   RO         1187    .text               testthd.o
    0x0800753c   0x00000688   Code   RO         1210    .text               main.o
    0x08007bc4   0x000000b8   Code   RO         1240    .text               lis302dl.o
    0x08007c7c   0x000002d4   Code   RO         1257    .text               chprintf.o
    0x08007f50   0x00000006   Code   RO         1274    .text               c_w.l(heapauxi.o)
    0x08007f56   0x0000000c   Code   RO         1301    .text               c_w.l(exit.o)
    0x08007f62   0x00000002   PAD
    0x08007f64   0x0000000c   Code   RO         1366    .text               c_w.l(sys_exit.o)
    0x08007f70   0x00000002   Code   RO         1377    .text               c_w.l(use_no_semi.o)
    0x08007f72   0x00000000   Code   RO         1379    .text               c_w.l(indicate_semi.o)
    0x08007f72   0x0000000a   Code   RO         1355    x$fpl$fpinit        fz_wm.l(fpinit.o)
    0x08007f7c   0x000000fc   Data   RO            3    .constdata          board.o
    0x08008078   0x00000024   Data   RO          656    .constdata          serial.o
    0x0800809c   0x0000000c   Data   RO          787    .constdata          serial_lld.o
    0x080080a8   0x000000c0   Data   RO          833    .constdata          stm32_dma.o
    0x08008168   0x00000014   Data   RO          892    .constdata          test.o
    0x0800817c   0x00000010   Data   RO          960    .constdata          testbmk.o
    0x0800818c   0x00000010   Data   RO          961    .constdata          testbmk.o
    0x0800819c   0x00000010   Data   RO          962    .constdata          testbmk.o
    0x080081ac   0x00000010   Data   RO          963    .constdata          testbmk.o
    0x080081bc   0x00000010   Data   RO          964    .constdata          testbmk.o
    0x080081cc   0x00000010   Data   RO          965    .constdata          testbmk.o
    0x080081dc   0x00000010   Data   RO          966    .constdata          testbmk.o
    0x080081ec   0x00000010   Data   RO          967    .constdata          testbmk.o
    0x080081fc   0x00000010   Data   RO          968    .constdata          testbmk.o
    0x0800820c   0x00000010   Data   RO          969    .constdata          testbmk.o
    0x0800821c   0x00000010   Data   RO          970    .constdata          testbmk.o
    0x0800822c   0x00000010   Data   RO          971    .constdata          testbmk.o
    0x0800823c   0x00000010   Data   RO          972    .constdata          testbmk.o
    0x0800824c   0x00000038   Data   RO          973    .constdata          testbmk.o
    0x08008284   0x00000010   Data   RO         1006    .constdata          testdyn.o
    0x08008294   0x00000010   Data   RO         1007    .constdata          testdyn.o
    0x080082a4   0x00000010   Data   RO         1008    .constdata          testdyn.o
    0x080082b4   0x00000010   Data   RO         1009    .constdata          testdyn.o
    0x080082c4   0x0000000c   Data   RO         1026    .constdata          testevt.o
    0x080082d0   0x00000010   Data   RO         1027    .constdata          testevt.o
    0x080082e0   0x00000010   Data   RO         1028    .constdata          testevt.o
    0x080082f0   0x00000010   Data   RO         1029    .constdata          testevt.o
    0x08008300   0x00000010   Data   RO         1030    .constdata          testevt.o
    0x08008310   0x00000010   Data   RO         1049    .constdata          testheap.o
    0x08008320   0x00000008   Data   RO         1050    .constdata          testheap.o
    0x08008328   0x00000010   Data   RO         1065    .constdata          testmbox.o
    0x08008338   0x00000008   Data   RO         1066    .constdata          testmbox.o
    0x08008340   0x00000010   Data   RO         1082    .constdata          testmsg.o
    0x08008350   0x00000008   Data   RO         1083    .constdata          testmsg.o
    0x08008358   0x00000010   Data   RO         1098    .constdata          testmtx.o
    0x08008368   0x00000010   Data   RO         1099    .constdata          testmtx.o
    0x08008378   0x00000010   Data   RO         1100    .constdata          testmtx.o
    0x08008388   0x00000010   Data   RO         1101    .constdata          testmtx.o
    0x08008398   0x00000010   Data   RO         1102    .constdata          testmtx.o
    0x080083a8   0x00000010   Data   RO         1103    .constdata          testmtx.o
    0x080083b8   0x00000010   Data   RO         1104    .constdata          testmtx.o
    0x080083c8   0x00000010   Data   RO         1105    .constdata          testmtx.o
    0x080083d8   0x00000024   Data   RO         1106    .constdata          testmtx.o
    0x080083fc   0x00000010   Data   RO         1129    .constdata          testpools.o
    0x0800840c   0x00000008   Data   RO         1130    .constdata          testpools.o
    0x08008414   0x00000010   Data   RO         1146    .constdata          testqueues.o
    0x08008424   0x00000010   Data   RO         1147    .constdata          testqueues.o
    0x08008434   0x0000000c   Data   RO         1148    .constdata          testqueues.o
    0x08008440   0x00000010   Data   RO         1165    .constdata          testsem.o
    0x08008450   0x00000010   Data   RO         1166    .constdata          testsem.o
    0x08008460   0x00000010   Data   RO         1167    .constdata          testsem.o
    0x08008470   0x00000010   Data   RO         1168    .constdata          testsem.o
    0x08008480   0x00000014   Data   RO         1169    .constdata          testsem.o
    0x08008494   0x00000010   Data   RO         1188    .constdata          testthd.o
    0x080084a4   0x00000010   Data   RO         1189    .constdata          testthd.o
    0x080084b4   0x00000010   Data   RO         1190    .constdata          testthd.o
    0x080084c4   0x00000010   Data   RO         1191    .constdata          testthd.o
    0x080084d4   0x00000014   Data   RO         1192    .constdata          testthd.o
    0x080084e8   0x00000050   Data   RO         1212    .constdata          main.o
    0x08008538   0x00000017   Data   RO          974    .conststring        testbmk.o
    0x0800854f   0x00000017   Data   RO          975    .conststring        testbmk.o
    0x08008566   0x00000017   Data   RO          976    .conststring        testbmk.o
    0x0800857d   0x0000001a   Data   RO          977    .conststring        testbmk.o
    0x08008597   0x0000001f   Data   RO          978    .conststring        testbmk.o
    0x080085b6   0x00000020   Data   RO          979    .conststring        testbmk.o
    0x080085d6   0x00000026   Data   RO          980    .conststring        testbmk.o
    0x080085fc   0x00000029   Data   RO          981    .conststring        testbmk.o
    0x08008625   0x00000021   Data   RO          982    .conststring        testbmk.o
    0x08008646   0x00000024   Data   RO          983    .conststring        testbmk.o
    0x0800866a   0x00000022   Data   RO          984    .conststring        testbmk.o
    0x0800868c   0x0000001f   Data   RO          985    .conststring        testbmk.o
    0x080086ab   0x00000019   Data   RO          986    .conststring        testbmk.o
    0x080086c4   0x00000029   Data   RO         1010    .conststring        testdyn.o
    0x080086ed   0x00000030   Data   RO         1011    .conststring        testdyn.o
    0x0800871d   0x00000026   Data   RO         1012    .conststring        testdyn.o
    0x08008743   0x00000022   Data   RO         1031    .conststring        testevt.o
    0x08008765   0x0000001b   Data   RO         1032    .conststring        testevt.o
    0x08008780   0x00000011   Data   RO         1033    .conststring        testevt.o
    0x08008791   0x00000028   Data   RO         1051    .conststring        testheap.o
    0x080087b9   0x00000020   Data   RO         1067    .conststring        testmbox.o
    0x080087d9   0x0000000f   Data   RO         1084    .conststring        testmsg.o
    0x080087e8   0x00000021   Data   RO         1107    .conststring        testmtx.o
    0x08008809   0x0000002b   Data   RO         1108    .conststring        testmtx.o
    0x08008834   0x0000002c   Data   RO         1109    .conststring        testmtx.o
    0x08008860   0x00000019   Data   RO         1110    .conststring        testmtx.o
    0x08008879   0x00000010   Data   RO         1111    .conststring        testmtx.o
    0x08008889   0x00000015   Data   RO         1112    .conststring        testmtx.o
    0x0800889e   0x00000018   Data   RO         1113    .conststring        testmtx.o
    0x080088b6   0x00000014   Data   RO         1114    .conststring        testmtx.o
    0x080088ca   0x0000001c   Data   RO         1131    .conststring        testpools.o
    0x080088e6   0x00000015   Data   RO         1149    .conststring        testqueues.o
    0x080088fb   0x00000016   Data   RO         1150    .conststring        testqueues.o
    0x08008911   0x00000016   Data   RO         1170    .conststring        testsem.o
    0x08008927   0x00000014   Data   RO         1171    .conststring        testsem.o
    0x0800893b   0x0000001f   Data   RO         1172    .conststring        testsem.o
    0x0800895a   0x00000021   Data   RO         1173    .conststring        testsem.o
    0x0800897b   0x0000001b   Data   RO         1193    .conststring        testthd.o
    0x08008996   0x0000001b   Data   RO         1194    .conststring        testthd.o
    0x080089b1   0x00000019   Data   RO         1195    .conststring        testthd.o
    0x080089ca   0x00000010   Data   RO         1196    .conststring        testthd.o
    0x080089da   0x00000002   PAD
    0x080089dc   0x00000020   Data   RO         1431    Region$$Table       anon$$obj.o


    Execution Region RW_IRAM1 (Base: 0x20000000, Size: 0x00001900, Max: 0x00020000, ABSOLUTE, COMPRESSED[0x00000090])

    Base Addr    Size         Type   Attr      Idx    E Section Name        Object

    0x20000000   0x00000008   Data   RW          411    .data               chmemcore.o
    0x20000008   0x00000004   Data   RW          810    .data               spi_lld.o
    0x2000000c   0x00000004   Data   RW          834    .data               stm32_dma.o
    0x20000010   0x00000048   Data   RW          893    .data               test.o
    0x20000058   0x00000008   Data   RW         1034    .data               testevt.o
    0x20000060   0x00000028   Data   RW         1068    .data               testmbox.o
    0x20000088   0x00000028   Data   RW         1115    .data               testmtx.o
    0x200000b0   0x0000000c   Data   RW         1132    .data               testpools.o
    0x200000bc   0x00000040   Data   RW         1151    .data               testqueues.o
    0x200000fc   0x0000000c   Data   RW         1174    .data               testsem.o
    0x20000108   0x00000030   Data   RW         1213    .data               main.o
    0x20000138   0x00000004   Data   RW         1241    .data               lis302dl.o
    0x2000013c   0x00000004   PAD
    0x20000140   0x00000020   Zero   RW          378    .bss                chheap.o
    0x20000160   0x00000020   Zero   RW          494    .bss                chschd.o
    0x20000180   0x00000108   Zero   RW          529    .bss                chsys.o
    0x20000288   0x00000010   Zero   RW          560    .bss                chvt.o
    0x20000298   0x0000009c   Zero   RW          706    .bss                adc_lld.o
    0x20000334   0x00000014   Zero   RW          761    .bss                pwm_lld.o
    0x20000348   0x00000074   Zero   RW          786    .bss                serial_lld.o
    0x200003bc   0x00000060   Zero   RW          809    .bss                spi_lld.o
    0x2000041c   0x00000080   Zero   RW          832    .bss                stm32_dma.o
    0x2000049c   0x00000034   Zero   RW          868    .bss                i2c_lld.o
    0x200004d0   0x00000038   Zero   RW          890    .bss                test.o
    0x20000508   0x000005f0   Zero   RW          891    .bss                test.o
    0x20000af8   0x00000074   Zero   RW          959    .bss                testbmk.o
    0x20000b6c   0x00000004   PAD
    0x20000b70   0x0000002c   Zero   RW         1005    .bss                testdyn.o
    0x20000b9c   0x00000004   PAD
    0x20000ba0   0x00000020   Zero   RW         1048    .bss                testheap.o
    0x20000bc0   0x00000140   Zero   RW         1211    .bss                main.o
    0x20000d00   0x00000400   Zero   RW          278    CSTACK              cstartup.o
    0x20001100   0x00000400   Zero   RW          279    HEAP                cstartup.o
    0x20001500   0x00000400   Zero   RW          277    MSTACK              cstartup.o


    Execution Region RW_IRAM2 (Base: 0x20020000, Size: 0x00000000, Max: 0x00000001, ABSOLUTE)

    Base Addr    Size         Type   Attr      Idx    E Section Name        Object

    0x20020000   0x00000000   Data   RO         1433    linker$$defined$$symbols  anon$$obj.o


==============================================================================

Image component sizes


      Code (inc. data)   RO Data    RW Data    ZI Data      Debug   Object Name

       292          4          0          0          0       7165   adc.o
      1156         74          0          0        156       7688   adc_lld.o
         6          0        252          0          0     265790   board.o
       456          6          0          0          0       4867   chcond.o
         4          0          0          0          0        476   chcore.o
       256         24          0          0          0       1941   chcore_v7m.o
        36          0          0          0          0        536   chcoreasm_v7m.o
       250          0          0          0          0       2525   chdynamic.o
       788          4          0          0          0       6289   chevents.o
       336         10          0          0         32       2576   chheap.o
       602          0          0          0          0       4512   chmboxes.o
       108         12          0          8          0       2006   chmemcore.o
       112          0          0          0          0       2195   chmempools.o
       132          4          0          0          0       1895   chmsg.o
       552          6          0          0          0       4818   chmtx.o
       724         10          0          0          0       2971   chprintf.o
       816          4          0          0          0       5787   chqueues.o
        68          4          0          0          0        971   chregistry.o
       520         10          0          0         32       5387   chschd.o
       536          4          0          0          0       4659   chsem.o
       188         34          0          0        264       1586   chsys.o
       604         12          0          0          0       4609   chthreads.o
       148          6          0          0         16       2891   chvt.o
        80         32          0          0       3072        492   cstartup.o
       116         10          0          0          0       1742   hal.o
       384         68          0          0          0       1332   hal_lld.o
       208          0          0          0          0       2755   i2c.o
      1688         54          0          0         52       8559   i2c_lld.o
       184         30          0          4          0       1673   lis302dl.o
      1672        286         80         48        320       4005   main.o
       160         10          0          0          0       1078   nvic.o
       572         44          0          0          0       2514   pal_lld.o
       140          0          0          0          0       2072   pwm.o
       548         22          0          0         20       4794   pwm_lld.o
       328          6         36          0          0       3888   serial.o
       484         32         12          0        116       3838   serial_lld.o
       400          4          0          0          0       4113   spi.o
       904         64          0          4         96       4265   spi_lld.o
       948         36        192          4        128      10222   stm32_dma.o
      2152        486         20         72       1576       9024   test.o
      2296        378        660          0        116       7342   testbmk.o
       976         62        191          0         44       3280   testdyn.o
      1088         46        154          8          0       3436   testevt.o
       632          8         64          0         32       1884   testheap.o
      1456         20         56         40          0       3408   testmbox.o
       148         22         39          0          0       1282   testmsg.o
      2388        148        390         40          0       6285   testmtx.o
       148         14         52         12          0       1342   testpools.o
      1208         44         87         64          0       3800   testqueues.o
      1140         64        190         12          0       3385   testsem.o
       828         48        179          0          0       2265   testthd.o
         2          0        392          0          0        448   vectors.o

    ----------------------------------------------------------------------
     31976       2266       3080        316       6084     448663   Object Totals
         0          0         32          0          0          0   (incl. Generated)
         8          0          2          0         12          0   (incl. Padding)

    ----------------------------------------------------------------------

      Code (inc. data)   RO Data    RW Data    ZI Data      Debug   Library Member Name

        90          0          0          0          0          0   __dczerorl2.o
         8          0          0          0          0         68   __main.o
        52          8          0          0          0          0   __scatter.o
        28          0          0          0          0          0   __scatter_zi.o
        12          0          0          0          0         72   exit.o
         6          0          0          0          0        152   heapauxi.o
         0          0          0          0          0          0   indicate_semi.o
         6          0          0          0          0          0   libinit.o
         2          0          0          0          0          0   libinit2.o
         2          0          0          0          0          0   libshutdown.o
         2          0          0          0          0          0   libshutdown2.o
         0          0          0          0          0          0   rtentry.o
        12          0          0          0          0          0   rtentry2.o
         8          4          0          0          0          0   rtentry5.o
         2          0          0          0          0          0   rtexit.o
        10          0          0          0          0          0   rtexit2.o
        12          4          0          0          0         68   sys_exit.o
         2          0          0          0          0         68   use_no_semi.o
        10          0          0          0          0        116   fpinit.o

    ----------------------------------------------------------------------
       268         16          0          0          0        544   Library Totals
         4          0          0          0          0          0   (incl. Padding)

    ----------------------------------------------------------------------

      Code (inc. data)   RO Data    RW Data    ZI Data      Debug   Library Name

       254         16          0          0          0        428   c_w.l
        10          0          0          0          0        116   fz_wm.l

    ----------------------------------------------------------------------
       268         16          0          0          0        544   Library Totals

    ----------------------------------------------------------------------

==============================================================================


      Code (inc. data)   RO Data    RW Data    ZI Data      Debug   

     32244       2282       3080        316       6084     440151   Grand Totals
     32244       2282       3080        144       6084     440151   ELF Image Totals (compressed)
     32244       2282       3080        144          0          0   ROM Totals

==============================================================================

    Total RO  Size (Code + RO Data)                35324 (  34.50kB)
    Total RW  Size (RW Data + ZI Data)              6400 (   6.25kB)
    Total ROM Size (Code + RO Data + RW Data)      35468 (  34.64kB)

==============================================================================

